Component: ARM Compiler 5.06 update 7 (build 960) Tool: armlink [4d3601]

==============================================================================

Section Cross References

    startup_stm32f103xe.o(STACK) refers (Special) to heapauxi.o(.text) for __use_two_region_memory
    startup_stm32f103xe.o(HEAP) refers (Special) to heapauxi.o(.text) for __use_two_region_memory
    startup_stm32f103xe.o(RESET) refers (Special) to heapauxi.o(.text) for __use_two_region_memory
    startup_stm32f103xe.o(RESET) refers to startup_stm32f103xe.o(STACK) for __initial_sp
    startup_stm32f103xe.o(RESET) refers to startup_stm32f103xe.o(.text) for Reset_Handler
    startup_stm32f103xe.o(RESET) refers to stm32f1xx_it.o(i.NMI_Handler) for NMI_Handler
    startup_stm32f103xe.o(RESET) refers to stm32f1xx_it.o(i.HardFault_Handler) for HardFault_Handler
    startup_stm32f103xe.o(RESET) refers to stm32f1xx_it.o(i.MemManage_Handler) for MemManage_Handler
    startup_stm32f103xe.o(RESET) refers to stm32f1xx_it.o(i.BusFault_Handler) for BusFault_Handler
    startup_stm32f103xe.o(RESET) refers to stm32f1xx_it.o(i.UsageFault_Handler) for UsageFault_Handler
    startup_stm32f103xe.o(RESET) refers to stm32f1xx_it.o(i.SVC_Handler) for SVC_Handler
    startup_stm32f103xe.o(RESET) refers to stm32f1xx_it.o(i.DebugMon_Handler) for DebugMon_Handler
    startup_stm32f103xe.o(RESET) refers to stm32f1xx_it.o(i.PendSV_Handler) for PendSV_Handler
    startup_stm32f103xe.o(RESET) refers to stm32f1xx_it.o(i.SysTick_Handler) for SysTick_Handler
    startup_stm32f103xe.o(RESET) refers to stm32f1xx_it.o(i.USART1_IRQHandler) for USART1_IRQHandler
    startup_stm32f103xe.o(RESET) refers to stm32f1xx_it.o(i.USART2_IRQHandler) for USART2_IRQHandler
    startup_stm32f103xe.o(.text) refers (Special) to heapauxi.o(.text) for __use_two_region_memory
    startup_stm32f103xe.o(.text) refers to system_stm32f1xx.o(i.SystemInit) for SystemInit
    startup_stm32f103xe.o(.text) refers to __main.o(!!!main) for __main
    startup_stm32f103xe.o(.text) refers to startup_stm32f103xe.o(HEAP) for Heap_Mem
    startup_stm32f103xe.o(.text) refers to startup_stm32f103xe.o(STACK) for Stack_Mem
    lcd.o(i.Lcd_clear) refers to lcd.o(i.lcd_write_command) for lcd_write_command
    lcd.o(i.Lcd_create) refers to lcd.o(i.Lcd_init) for Lcd_init
    lcd.o(i.Lcd_create) refers to rt_memcpy_w.o(.text) for __aeabi_memcpy4
    lcd.o(i.Lcd_cursor) refers to lcd.o(i.lcd_write_command) for lcd_write_command
    lcd.o(i.Lcd_cursor) refers to lcd.o(.constdata) for .constdata
    lcd.o(i.Lcd_define_char) refers to lcd.o(i.lcd_write_command) for lcd_write_command
    lcd.o(i.Lcd_define_char) refers to lcd.o(i.lcd_write_data) for lcd_write_data
    lcd.o(i.Lcd_init) refers to lcd.o(i.lcd_write_command) for lcd_write_command
    lcd.o(i.Lcd_int) refers to _printf_percent.o(.ARM.Collect$$_printf_percent$$00000000) for _printf_percent
    lcd.o(i.Lcd_int) refers to _printf_d.o(.ARM.Collect$$_printf_percent$$00000009) for _printf_d
    lcd.o(i.Lcd_int) refers to _printf_dec.o(.text) for _printf_int_dec
    lcd.o(i.Lcd_int) refers to __2sprintf.o(.text) for __2sprintf
    lcd.o(i.Lcd_int) refers to lcd.o(i.Lcd_string) for Lcd_string
    lcd.o(i.Lcd_string) refers to lcd.o(i.lcd_write_data) for lcd_write_data
    lcd.o(i.Lcd_string) refers to strlen.o(.text) for strlen
    lcd.o(i.lcd_write) refers to stm32f1xx_hal_gpio.o(i.HAL_GPIO_WritePin) for HAL_GPIO_WritePin
    lcd.o(i.lcd_write) refers to stm32f1xx_hal.o(i.HAL_Delay) for HAL_Delay
    lcd.o(i.lcd_write_command) refers to stm32f1xx_hal_gpio.o(i.HAL_GPIO_WritePin) for HAL_GPIO_WritePin
    lcd.o(i.lcd_write_command) refers to lcd.o(i.lcd_write) for lcd_write
    lcd.o(i.lcd_write_data) refers to stm32f1xx_hal_gpio.o(i.HAL_GPIO_WritePin) for HAL_GPIO_WritePin
    lcd.o(i.lcd_write_data) refers to lcd.o(i.lcd_write) for lcd_write
    lcd16x2.o(i.DWT_Delay_us) refers to stm32f1xx_hal_rcc.o(i.HAL_RCC_GetHCLKFreq) for HAL_RCC_GetHCLKFreq
    lcd16x2.o(i.lcd16x2_1stLine) refers to lcd16x2.o(i.lcd16x2_setCursor) for lcd16x2_setCursor
    lcd16x2.o(i.lcd16x2_2ndLine) refers to lcd16x2.o(i.lcd16x2_setCursor) for lcd16x2_setCursor
    lcd16x2.o(i.lcd16x2_clear) refers to lcd16x2.o(i.lcd16x2_writeCommand) for lcd16x2_writeCommand
    lcd16x2.o(i.lcd16x2_clear) refers to stm32f1xx_hal.o(i.HAL_Delay) for HAL_Delay
    lcd16x2.o(i.lcd16x2_cursorShow) refers to lcd16x2.o(i.lcd16x2_writeCommand) for lcd16x2_writeCommand
    lcd16x2.o(i.lcd16x2_cursorShow) refers to lcd16x2.o(.data) for .data
    lcd16x2.o(i.lcd16x2_display) refers to lcd16x2.o(i.lcd16x2_writeCommand) for lcd16x2_writeCommand
    lcd16x2.o(i.lcd16x2_display) refers to lcd16x2.o(.data) for .data
    lcd16x2.o(i.lcd16x2_enablePulse) refers to stm32f1xx_hal_gpio.o(i.HAL_GPIO_WritePin) for HAL_GPIO_WritePin
    lcd16x2.o(i.lcd16x2_enablePulse) refers to lcd16x2.o(i.DWT_Delay_us) for DWT_Delay_us
    lcd16x2.o(i.lcd16x2_enablePulse) refers to lcd16x2.o(.data) for .data
[...]
    .ARM.Collect$$libinit$$00000000          0x08000234   Section        2  libinit.o(.ARM.Collect$$libinit$$00000000)
    .ARM.Collect$$libinit$$00000002          0x08000236   Section        0  libinit2.o(.ARM.Collect$$libinit$$00000002)
    .ARM.Collect$$libinit$$00000004          0x08000236   Section        0  libinit2.o(.ARM.Collect$$libinit$$00000004)
    .ARM.Collect$$libinit$$0000000A          0x08000236   Section        0  libinit2.o(.ARM.Collect$$libinit$$0000000A)
    .ARM.Collect$$libinit$$0000000C          0x08000236   Section        0  libinit2.o(.ARM.Collect$$libinit$$0000000C)
    .ARM.Collect$$libinit$$0000000E          0x08000236   Section        0  libinit2.o(.ARM.Collect$$libinit$$0000000E)
    .ARM.Collect$$libinit$$0000000F          0x08000236   Section        6  libinit2.o(.ARM.Collect$$libinit$$0000000F)
    .ARM.Collect$$libinit$$00000011          0x0800023c   Section        0  libinit2.o(.ARM.Collect$$libinit$$00000011)
    .ARM.Collect$$libinit$$00000012          0x0800023c   Section       12  libinit2.o(.ARM.Collect$$libinit$$00000012)
    .ARM.Collect$$libinit$$00000013          0x08000248   Section        0  libinit2.o(.ARM.Collect$$libinit$$00000013)
    .ARM.Collect$$libinit$$00000015          0x08000248   Section        0  libinit2.o(.ARM.Collect$$libinit$$00000015)
    .ARM.Collect$$libinit$$00000016          0x08000248   Section       10  libinit2.o(.ARM.Collect$$libinit$$00000016)
    .ARM.Collect$$libinit$$00000017          0x08000252   Section        0  libinit2.o(.ARM.Collect$$libinit$$00000017)
    .ARM.Collect$$libinit$$00000019          0x08000252   Section        0  libinit2.o(.ARM.Collect$$libinit$$00000019)
    .ARM.Collect$$libinit$$0000001B          0x08000252   Section        0  libinit2.o(.ARM.Collect$$libinit$$0000001B)
    .ARM.Collect$$libinit$$0000001D          0x08000252   Section        0  libinit2.o(.ARM.Collect$$libinit$$0000001D)
    .ARM.Collect$$libinit$$0000001F          0x08000252   Section        0  libinit2.o(.ARM.Collect$$libinit$$0000001F)
    .ARM.Collect$$libinit$$00000021          0x08000252   Section        0  libinit2.o(.ARM.Collect$$libinit$$00000021)
    .ARM.Collect$$libinit$$00000023          0x08000252   Section        0  libinit2.o(.ARM.Collect$$libinit$$00000023)
    .ARM.Collect$$libinit$$00000025          0x08000252   Section        0  libinit2.o(.ARM.Collect$$libinit$$00000025)
    .ARM.Collect$$libinit$$0000002C          0x08000252   Section        0  libinit2.o(.ARM.Collect$$libinit$$0000002C)
    .ARM.Collect$$libinit$$0000002E          0x08000252   Section        0  libinit2.o(.ARM.Collect$$libinit$$0000002E)
    .ARM.Collect$$libinit$$00000030          0x08000252   Section        0  libinit2.o(.ARM.Collect$$libinit$$00000030)
    .ARM.Collect$$libinit$$00000032          0x08000252   Section        0  libinit2.o(.ARM.Collect$$libinit$$00000032)
    .ARM.Collect$$libinit$$00000033          0x08000252   Section        2  libinit2.o(.ARM.Collect$$libinit$$00000033)
    .ARM.Collect$$libshutdown$$00000000      0x08000254   Section        2  libshutdown.o(.ARM.Collect$$libshutdown$$00000000)
    .ARM.Collect$$libshutdown$$00000002      0x08000256   Section        0  libshutdown2.o(.ARM.Collect$$libshutdown$$00000002)
    .ARM.Collect$$libshutdown$$00000004      0x08000256   Section        0  libshutdown2.o(.ARM.Collect$$libshutdown$$00000004)
    .ARM.Collect$$libshutdown$$00000006      0x08000256   Section        0  libshutdown2.o(.ARM.Collect$$libshutdown$$00000006)
    .ARM.Collect$$libshutdown$$00000009      0x08000256   Section        0  libshutdown2.o(.ARM.Collect$$libshutdown$$00000009)
    .ARM.Collect$$libshutdown$$0000000C      0x08000256   Section        0  libshutdown2.o(.ARM.Collect$$libshutdown$$0000000C)
    .ARM.Collect$$libshutdown$$0000000E      0x08000256   Section        0  libshutdown2.o(.ARM.Collect$$libshutdown$$0000000E)
    .ARM.Collect$$libshutdown$$00000011      0x08000256   Section        0  libshutdown2.o(.ARM.Collect$$libshutdown$$00000011)
    .ARM.Collect$$libshutdown$$00000012      0x08000256   Section        2  libshutdown2.o(.ARM.Collect$$libshutdown$$00000012)
    .ARM.Collect$$rtentry$$00000000          0x08000258   Section        0  __rtentry.o(.ARM.Collect$$rtentry$$00000000)
    .ARM.Collect$$rtentry$$00000002          0x08000258   Section        0  __rtentry2.o(.ARM.Collect$$rtentry$$00000002)
    .ARM.Collect$$rtentry$$00000004          0x08000258   Section        6  __rtentry4.o(.ARM.Collect$$rtentry$$00000004)
    .ARM.Collect$$rtentry$$00000009          0x0800025e   Section        0  __rtentry2.o(.ARM.Collect$$rtentry$$00000009)
    .ARM.Collect$$rtentry$$0000000A          0x0800025e   Section        4  __rtentry2.o(.ARM.Collect$$rtentry$$0000000A)
    .ARM.Collect$$rtentry$$0000000C          0x08000262   Section        0  __rtentry2.o(.ARM.Collect$$rtentry$$0000000C)
    .ARM.Collect$$rtentry$$0000000D          0x08000262   Section        8  __rtentry2.o(.ARM.Collect$$rtentry$$0000000D)
    .ARM.Collect$$rtexit$$00000000           0x0800026a   Section        2  rtexit.o(.ARM.Collect$$rtexit$$00000000)
    .ARM.Collect$$rtexit$$00000002           0x0800026c   Section        0  rtexit2.o(.ARM.Collect$$rtexit$$00000002)
    .ARM.Collect$$rtexit$$00000003           0x0800026c   Section        4  rtexit2.o(.ARM.Collect$$rtexit$$00000003)
    .ARM.Collect$$rtexit$$00000004           0x08000270   Section        6  rtexit2.o(.ARM.Collect$$rtexit$$00000004)
    .text                                    0x08000278   Section       64  startup_stm32f103xe.o(.text)
    .text                                    0x080002b8   Section        0  vsprintf.o(.text)
    .text                                    0x080002dc   Section        0  __2sprintf.o(.text)
    .text                                    0x08000308   Section        0  _printf_dec.o(.text)
    .text                                    0x08000380   Section        0  __printf_flags_ss_wp.o(.text)
    .text                                    0x08000508   Section        0  strlen.o(.text)
    .text                                    0x08000546   Section      100  rt_memcpy_w.o(.text)
    .text                                    0x080005aa   Section       68  rt_memclr.o(.text)
    .text                                    0x080005ee   Section       78  rt_memclr_w.o(.text)
    .text                                    0x0800063c   Section        0  heapauxi.o(.text)
    .text                                    0x08000642   Section        0  _printf_pad.o(.text)
    .text                                    0x08000690   Section        0  _printf_truncate.o(.text)
    .text                                    0x080006b4   Section        0  _printf_str.o(.text)
    .text                                    0x08000706   Section        0  _printf_intcommon.o(.text)
    .text                                    0x080007b8   Section        0  _printf_charcount.o(.text)
    .text                                    0x080007e0   Section        0  _printf_char_common.o(.text)
    _printf_input_char                       0x080007e1   Thumb Code    10  _printf_char_common.o(.text)
    .text                                    0x08000810   Section        0  _sputc.o(.text)
    .text                                    0x0800081c   Section        0  _printf_wctomb.o(.text)
    .text                                    0x080008d8   Section        0  _printf_longlong_dec.o(.text)
    .text                                    0x08000954   Section        0  _printf_oct_int_ll.o(.text)
    _printf_longlong_oct_internal            0x08000955   Thumb Code     0  _printf_oct_int_ll.o(.text)
    .text                                    0x080009c4   Section        0  _printf_hex_int_ll_ptr.o(.text)
    _printf_hex_common                       0x080009c5   Thumb Code     0  _printf_hex_int_ll_ptr.o(.text)
    .text                                    0x08000a58   Section      138  lludiv10.o(.text)
    .text                                    0x08000ae2   Section        0  _printf_fp_dec.o(.text)
    _fp_digits                               0x08000ae5   Thumb Code   432  _printf_fp_dec.o(.text)
    .text                                    0x08000f00   Section        0  _printf_fp_hex.o(.text)
    .text                                    0x080011fc   Section        0  _printf_char.o(.text)
    .text                                    0x08001228   Section        0  _printf_wchar.o(.text)
    .text                                    0x08001254   Section        0  _wcrtomb.o(.text)
    .text                                    0x08001294   Section       74  sys_stackheap_outer.o(.text)
    .text                                    0x080012e0   Section       16  rt_ctype_table.o(.text)
    .text                                    0x080012f0   Section        8  rt_locale_intlibspace.o(.text)
    .text                                    0x080012f8   Section        0  _printf_fp_infnan.o(.text)
    .text                                    0x08001378   Section        0  bigflt0.o(.text)
    .text                                    0x0800145c   Section        0  exit.o(.text)
    .text                                    0x08001470   Section        8  libspace.o(.text)
    .text                                    0x08001478   Section      128  strcmpv7m.o(.text)
    .text                                    0x080014f8   Section        0  sys_exit.o(.text)
    .text                                    0x08001504   Section        2  use_no_semi.o(.text)
    .text                                    0x08001506   Section        0  indicate_semi.o(.text)
    CL$$btod_d2e                             0x08001506   Section       62  btod.o(CL$$btod_d2e)
    CL$$btod_d2e_denorm_low                  0x08001544   Section       70  btod.o(CL$$btod_d2e_denorm_low)
    CL$$btod_d2e_norm_op1                    0x0800158a   Section       96  btod.o(CL$$btod_d2e_norm_op1)
    CL$$btod_div_common                      0x080015ea   Section      824  btod.o(CL$$btod_div_common)
    CL$$btod_e2e                             0x08001922   Section      220  btod.o(CL$$btod_e2e)
    CL$$btod_ediv                            0x080019fe   Section       42  btod.o(CL$$btod_ediv)
    CL$$btod_emul                            0x08001a28   Section       42  btod.o(CL$$btod_emul)
    CL$$btod_mult_common                     0x08001a52   Section      580  btod.o(CL$$btod_mult_common)
    i.BusFault_Handler                       0x08001c96   Section        0  stm32f1xx_it.o(i.BusFault_Handler)
    i.DWT_Delay_Init                         0x08001c98   Section        0  lcd16x2.o(i.DWT_Delay_Init)
    DWT_Delay_Init                           0x08001c99   Thumb Code    58  lcd16x2.o(i.DWT_Delay_Init)
    i.DWT_Delay_us                           0x08001cdc   Section        0  lcd16x2.o(i.DWT_Delay_us)
    DWT_Delay_us                             0x08001cdd   Thumb Code    34  lcd16x2.o(i.DWT_Delay_us)
    i.DebugMon_Handler                       0x08001d08   Section        0  stm32f1xx_it.o(i.DebugMon_Handler)
    i.Error_Handler                          0x08001d0a   Section        0  main.o(i.Error_Handler)
    i.HAL_DMA_Abort                          0x08001d0e   Section        0  stm32f1xx_hal_dma.o(i.HAL_DMA_Abort)
    i.HAL_DMA_Abort_IT                       0x08001d54   Section        0  stm32f1xx_hal_dma.o(i.HAL_DMA_Abort_IT)
    i.HAL_Delay                              0x08001e84   Section        0  stm32f1xx_hal.o(i.HAL_Delay)
    i.HAL_GPIO_Init                          0x08001ea8   Section        0  stm32f1xx_hal_gpio.o(i.HAL_GPIO_Init)
    i.HAL_GPIO_WritePin                      0x080020a0   Section        0  stm32f1xx_hal_gpio.o(i.HAL_GPIO_WritePin)
    i.HAL_GetTick                            0x080020ac   Section        0  stm32f1xx_hal.o(i.HAL_GetTick)
    i.HAL_IncTick                            0x080020b8   Section        0  stm32f1xx_hal.o(i.HAL_IncTick)
    i.HAL_Init                               0x080020c8   Section        0  stm32f1xx_hal.o(i.HAL_Init)
    i.HAL_InitTick                           0x080020ec   Section        0  stm32f1xx_hal.o(i.HAL_InitTick)
    i.HAL_MspInit                            0x0800212c   Section        0  stm32f1xx_hal_msp.o(i.HAL_MspInit)
    i.HAL_NVIC_EnableIRQ                     0x08002168   Section        0  stm32f1xx_hal_cortex.o(i.HAL_NVIC_EnableIRQ)
    i.HAL_NVIC_SetPriority                   0x08002184   Section        0  stm32f1xx_hal_cortex.o(i.HAL_NVIC_SetPriority)
    i.HAL_NVIC_SetPriorityGrouping           0x080021c4   Section        0  stm32f1xx_hal_cortex.o(i.HAL_NVIC_SetPriorityGrouping)
    i.HAL_RCC_ClockConfig                    0x080021e8   Section        0  stm32f1xx_hal_rcc.o(i.HAL_RCC_ClockConfig)
    i.HAL_RCC_GetHCLKFreq                    0x08002314   Section        0  stm32f1xx_hal_rcc.o(i.HAL_RCC_GetHCLKFreq)
    i.HAL_RCC_GetPCLK1Freq                   0x08002320   Section        0  stm32f1xx_hal_rcc.o(i.HAL_RCC_GetPCLK1Freq)
    i.HAL_RCC_GetPCLK2Freq                   0x08002340   Section        0  stm32f1xx_hal_rcc.o(i.HAL_RCC_GetPCLK2Freq)
    i.HAL_RCC_GetSysClockFreq                0x08002360   Section        0  stm32f1xx_hal_rcc.o(i.HAL_RCC_GetSysClockFreq)
    i.HAL_RCC_OscConfig                      0x080023ac   Section        0  stm32f1xx_hal_rcc.o(i.HAL_RCC_OscConfig)
    i.HAL_SYSTICK_Config                     0x080026cc   Section        0  stm32f1xx_hal_cortex.o(i.HAL_SYSTICK_Config)
    i.HAL_UARTEx_RxEventCallback             0x080026f4   Section        0  stm32f1xx_hal_uart.o(i.HAL_UARTEx_RxEventCallback)
    i.HAL_UART_ErrorCallback                 0x080026f6   Section        0  stm32f1xx_hal_uart.o(i.HAL_UART_ErrorCallback)
    i.HAL_UART_IRQHandler                    0x080026f8   Section        0  stm32f1xx_hal_uart.o(i.HAL_UART_IRQHandler)
    i.HAL_UART_Init                          0x08002964   Section        0  stm32f1xx_hal_uart.o(i.HAL_UART_Init)
    i.HAL_UART_MspInit                       0x080029c8   Section        0  usart.o(i.HAL_UART_MspInit)
    i.HAL_UART_Receive                       0x08002aa0   Section        0  stm32f1xx_hal_uart.o(i.HAL_UART_Receive)
    i.HAL_UART_RxCpltCallback                0x08002b4c   Section        0  stm32f1xx_hal_uart.o(i.HAL_UART_RxCpltCallback)
    i.HAL_UART_TxCpltCallback                0x08002b4e   Section        0  stm32f1xx_hal_uart.o(i.HAL_UART_TxCpltCallback)
    i.HardFault_Handler                      0x08002b50   Section        0  stm32f1xx_it.o(i.HardFault_Handler)
    i.MX_GPIO_Init                           0x08002b54   Section        0  gpio.o(i.MX_GPIO_Init)
    i.MX_USART1_UART_Init                    0x08002c98   Section        0  usart.o(i.MX_USART1_UART_Init)
    i.MX_USART2_UART_Init                    0x08002cd0   Section        0  usart.o(i.MX_USART2_UART_Init)
    i.MemManage_Handler                      0x08002d08   Section        0  stm32f1xx_it.o(i.MemManage_Handler)
    i.NMI_Handler                            0x08002d0a   Section        0  stm32f1xx_it.o(i.NMI_Handler)
    i.PendSV_Handler                         0x08002d0c   Section        0  stm32f1xx_it.o(i.PendSV_Handler)
    i.SVC_Handler                            0x08002d0e   Section        0  stm32f1xx_it.o(i.SVC_Handler)
    i.SysTick_Handler                        0x08002d10   Section        0  stm32f1xx_it.o(i.SysTick_Handler)
    i.SystemClock_Config                     0x08002d14   Section        0  main.o(i.SystemClock_Config)
    i.SystemInit                             0x08002d72   Section        0  system_stm32f1xx.o(i.SystemInit)
    i.UART_DMAAbortOnError                   0x08002d74   Section        0  stm32f1xx_hal_uart.o(i.UART_DMAAbortOnError)
    UART_DMAAbortOnError                     0x08002d75   Thumb Code    16  stm32f1xx_hal_uart.o(i.UART_DMAAbortOnError)
    i.UART_EndRxTransfer                     0x08002d84   Section        0  stm32f1xx_hal_uart.o(i.UART_EndRxTransfer)
    UART_EndRxTransfer                       0x08002d85   Thumb Code    78  stm32f1xx_hal_uart.o(i.UART_EndRxTransfer)
    i.UART_Receive_IT                        0x08002dd2   Section        0  stm32f1xx_hal_uart.o(i.UART_Receive_IT)
    UART_Receive_IT                          0x08002dd3   Thumb Code   194  stm32f1xx_hal_uart.o(i.UART_Receive_IT)
    i.UART_SetConfig                         0x08002e94   Section        0  stm32f1xx_hal_uart.o(i.UART_SetConfig)
    UART_SetConfig                           0x08002e95   Thumb Code   178  stm32f1xx_hal_uart.o(i.UART_SetConfig)
    i.UART_WaitOnFlagUntilTimeout            0x08002f4c   Section        0  stm32f1xx_hal_uart.o(i.UART_WaitOnFlagUntilTimeout)
    UART_WaitOnFlagUntilTimeout              0x08002f4d   Thumb Code   120  stm32f1xx_hal_uart.o(i.UART_WaitOnFlagUntilTimeout)
    i.USART1_IRQHandler                      0x08002fc4   Section        0  stm32f1xx_it.o(i.USART1_IRQHandler)
    i.USART2_IRQHandler                      0x08002fd0   Section        0  stm32f1xx_it.o(i.USART2_IRQHandler)
    i.UsageFault_Handler                     0x08002fdc   Section        0  stm32f1xx_it.o(i.UsageFault_Handler)
    i.__ARM_fpclassify                       0x08002fde   Section        0  fpclassify.o(i.__ARM_fpclassify)
    i.__NVIC_SetPriority                     0x08003006   Section        0  stm32f1xx_hal_cortex.o(i.__NVIC_SetPriority)
    __NVIC_SetPriority                       0x08003007   Thumb Code    32  stm32f1xx_hal_cortex.o(i.__NVIC_SetPriority)
    i._is_digit                              0x08003026   Section        0  __printf_wp.o(i._is_digit)
    i.lcd16x2_1stLine                        0x08003034   Section        0  lcd16x2.o(i.lcd16x2_1stLine)
    i.lcd16x2_2ndLine                        0x0800303c   Section        0  lcd16x2.o(i.lcd16x2_2ndLine)
    i.lcd16x2_clear                          0x08003044   Section        0  lcd16x2.o(i.lcd16x2_clear)
    i.lcd16x2_enablePulse                    0x08003058   Section        0  lcd16x2.o(i.lcd16x2_enablePulse)
    lcd16x2_enablePulse                      0x08003059   Thumb Code    40  lcd16x2.o(i.lcd16x2_enablePulse)
    i.lcd16x2_init_8bits                     0x08003084   Section        0  lcd16x2.o(i.lcd16x2_init_8bits)
    i.lcd16x2_printf                         0x08003124   Section        0  lcd16x2.o(i.lcd16x2_printf)
    i.lcd16x2_rs                             0x08003164   Section        0  lcd16x2.o(i.lcd16x2_rs)
    lcd16x2_rs                               0x08003165   Thumb Code    12  lcd16x2.o(i.lcd16x2_rs)
    i.lcd16x2_setCursor                      0x08003174   Section        0  lcd16x2.o(i.lcd16x2_setCursor)
    i.lcd16x2_write                          0x0800318c   Section        0  lcd16x2.o(i.lcd16x2_write)
    lcd16x2_write                            0x0800318d   Thumb Code   212  lcd16x2.o(i.lcd16x2_write)
    i.lcd16x2_writeCommand                   0x08003264   Section        0  lcd16x2.o(i.lcd16x2_writeCommand)
    lcd16x2_writeCommand                     0x08003265   Thumb Code    20  lcd16x2.o(i.lcd16x2_writeCommand)
    i.main                                   0x08003278   Section        0  main.o(i.main)
    locale$$code                             0x08003520   Section       44  lc_numeric_c.o(locale$$code)
    locale$$code                             0x0800354c   Section       44  lc_ctype_c.o(locale$$code)
    x$fpl$printf1                            0x08003578   Section        4  printf1.o(x$fpl$printf1)
    x$fpl$printf2                            0x0800357c   Section        4  printf2.o(x$fpl$printf2)
    .constdata                               0x08003580   Section      120  main.o(.constdata)
    x$fpl$usenofp                            0x08003580   Section        0  usenofp.o(x$fpl$usenofp)
    .constdata                               0x080035f8   Section       16  system_stm32f1xx.o(.constdata)
    .constdata                               0x08003608   Section        8  system_stm32f1xx.o(.constdata)
    .constdata                               0x08003610   Section       18  stm32f1xx_hal_rcc.o(.constdata)
    aPredivFactorTable                       0x08003610   Data           2  stm32f1xx_hal_rcc.o(.constdata)
    aPLLMULFactorTable                       0x08003612   Data          16  stm32f1xx_hal_rcc.o(.constdata)
    .constdata                               0x08003622   Section       17  __printf_flags_ss_wp.o(.constdata)
    maptable                                 0x08003622   Data          17  __printf_flags_ss_wp.o(.constdata)
    .constdata                               0x08003634   Section        8  _printf_wctomb.o(.constdata)
    initial_mbstate                          0x08003634   Data           8  _printf_wctomb.o(.constdata)
    .constdata                               0x0800363c   Section       40  _printf_hex_int_ll_ptr.o(.constdata)
    uc_hextab                                0x0800363c   Data          20  _printf_hex_int_ll_ptr.o(.constdata)
    lc_hextab                                0x08003650   Data          20  _printf_hex_int_ll_ptr.o(.constdata)
    .constdata                               0x08003664   Section       38  _printf_fp_hex.o(.constdata)
    lc_hextab                                0x08003664   Data          19  _printf_fp_hex.o(.constdata)
    uc_hextab                                0x08003677   Data          19  _printf_fp_hex.o(.constdata)
    .constdata                               0x0800368c   Section      148  bigflt0.o(.constdata)
    tenpwrs_x                                0x0800368c   Data          60  bigflt0.o(.constdata)
    tenpwrs_i                                0x080036c8   Data          64  bigflt0.o(.constdata)
    locale$$data                             0x08003740   Section       28  lc_numeric_c.o(locale$$data)
    __lcnum_c_name                           0x08003744   Data           2  lc_numeric_c.o(locale$$data)
    __lcnum_c_start                          0x0800374c   Data           0  lc_numeric_c.o(locale$$data)
    __lcnum_c_point                          0x08003758   Data           0  lc_numeric_c.o(locale$$data)
    __lcnum_c_thousands                      0x0800375a   Data           0  lc_numeric_c.o(locale$$data)
    __lcnum_c_grouping                       0x0800375b   Data           0  lc_numeric_c.o(locale$$data)
    locale$$data                             0x0800375c   Section      272  lc_ctype_c.o(locale$$data)
    __lcnum_c_end                            0x0800375c   Data           0  lc_numeric_c.o(locale$$data)
    __lcctype_c_name                         0x08003760   Data           2  lc_ctype_c.o(locale$$data)
    __lcctype_c_start                        0x08003768   Data           0  lc_ctype_c.o(locale$$data)
    __lcctype_c_end                          0x0800386c   Data           0  lc_ctype_c.o(locale$$data)
    .data                                    0x20000000   Section       40  lcd16x2.o(.data)
    is8BitsMode                              0x20000000   Data           1  lcd16x2.o(.data)
    DisplayControl                           0x20000001   Data           1  lcd16x2.o(.data)
    FunctionSet                              0x20000002   Data           1  lcd16x2.o(.data)
    PIN_RS                                   0x20000004   Data           2  lcd16x2.o(.data)
    PIN_E                                    0x20000006   Data           2  lcd16x2.o(.data)
    D0_PIN                                   0x20000008   Data           2  lcd16x2.o(.data)
    D1_PIN                                   0x2000000a   Data           2  lcd16x2.o(.data)
    D2_PIN                                   0x2000000c   Data           2  lcd16x2.o(.data)
    D3_PIN                                   0x2000000e   Data           2  lcd16x2.o(.data)
    D4_PIN                                   0x20000010   Data           2  lcd16x2.o(.data)
    D5_PIN                                   0x20000012   Data           2  lcd16x2.o(.data)
    D6_PIN                                   0x20000014   Data           2  lcd16x2.o(.data)
    D7_PIN                                   0x20000016   Data           2  lcd16x2.o(.data)
    PORT_RS                                  0x20000018   Data           4  lcd16x2.o(.data)
    PORT_E                                   0x2000001c   Data           4  lcd16x2.o(.data)
    PORT_LSB                                 0x20000020   Data           4  lcd16x2.o(.data)
    PORT_MSB                                 0x20000024   Data           4  lcd16x2.o(.data)
    .data                                    0x20000028   Section        4  system_stm32f1xx.o(.data)
    .data                                    0x2000002c   Section       12  stm32f1xx_hal.o(.data)
    .bss                                     0x20000038   Section       26  main.o(.bss)
    .bss                                     0x20000054   Section      144  usart.o(.bss)
    .bss                                     0x200000e4   Section       96  libspace.o(.bss)
    HEAP                                     0x20000148   Section      512  startup_stm32f103xe.o(HEAP)
    Heap_Mem                                 0x20000148   Data         512  startup_stm32f103xe.o(HEAP)
    STACK                                    0x20000348   Section     1024  startup_stm32f103xe.o(STACK)
    Stack_Mem                                0x20000348   Data        1024  startup_stm32f103xe.o(STACK)
    __initial_sp                             0x20000748   Data           0  startup_stm32f103xe.o(STACK)

    Global Symbols

    Symbol Name                              Value     Ov Type        Size  Object(Section)

    BuildAttributes$$THM_ISAv4$P$D$K$B$S$PE$A:L22UL41UL21$X:L11$S22US41US21$IEEE1$IW$USESV6$~STKCKD$USESV7$~SHL$OTIME$ROPI$IEEEJ$EBA8$UX$STANDARDLIB$REQ8$PRES8$EABIv2 0x00000000   Number         0  anon$$obj.o ABSOLUTE
    __ARM_use_no_argv                        0x00000000   Number         0  main.o ABSOLUTE
    _printf_flags                            0x00000000   Number         0  printf_stubs.o ABSOLUTE
    _printf_return_value                     0x00000000   Number         0  printf_stubs.o ABSOLUTE
    _printf_sizespec                         0x00000000   Number         0  printf_stubs.o ABSOLUTE
    _printf_widthprec                        0x00000000   Number         0  printf_stubs.o ABSOLUTE
    __ARM_exceptions_init                     - Undefined Weak Reference
    __alloca_initialize                       - Undefined Weak Reference
    __arm_fini_                               - Undefined Weak Reference
    __arm_preinit_                            - Undefined Weak Reference
    __cpp_initialize__aeabi_                  - Undefined Weak Reference
    __cxa_finalize                            - Undefined Weak Reference
    __sigvec_lookup                           - Undefined Weak Reference
    _atexit_init                              - Undefined Weak Reference
    _call_atexit_fns                          - Undefined Weak Reference
    _clock_init                               - Undefined Weak Reference
    _fp_trap_init                             - Undefined Weak Reference
    _fp_trap_shutdown                         - Undefined Weak Reference
    _get_lc_collate                           - Undefined Weak Reference
    _get_lc_monetary                          - Undefined Weak Reference
    _get_lc_time                              - Undefined Weak Reference
    _getenv_init                              - Undefined Weak Reference
    _handle_redirection                       - Undefined Weak Reference
    _init_alloc                               - Undefined Weak Reference
    _init_user_alloc                          - Undefined Weak Reference
    _initio                                   - Undefined Weak Reference
    _printf_mbtowc                            - Undefined Weak Reference
    _printf_wc                                - Undefined Weak Reference
    _rand_init                                - Undefined Weak Reference
    _signal_finish                            - Undefined Weak Reference
    _signal_init                              - Undefined Weak Reference
    _terminate_alloc                          - Undefined Weak Reference
    _terminate_user_alloc                     - Undefined Weak Reference
    _terminateio                              - Undefined Weak Reference
    __Vectors_Size                           0x00000130   Number         0  startup_stm32f103xe.o ABSOLUTE
    __Vectors                                0x08000000   Data           4  startup_stm32f103xe.o(RESET)
    __Vectors_End                            0x08000130   Data           0  startup_stm32f103xe.o(RESET)
    __main                                   0x08000131   Thumb Code     8  __main.o(!!!main)
    __scatterload                            0x08000139   Thumb Code     0  __scatter.o(!!!scatter)
    __scatterload_rt2                        0x08000139   Thumb Code    44  __scatter.o(!!!scatter)
    __scatterload_rt2_thumb_only             0x08000139   Thumb Code     0  __scatter.o(!!!scatter)
    __scatterload_null                       0x08000147   Thumb Code     0  __scatter.o(!!!scatter)
    __scatterload_copy                       0x0800016d   Thumb Code    26  __scatter_copy.o(!!handler_copy)
    __scatterload_zeroinit                   0x08000189   Thumb Code    28  __scatter_zi.o(!!handler_zi)
    _printf_n                                0x080001a5   Thumb Code     0  _printf_n.o(.ARM.Collect$$_printf_percent$$00000001)
    _printf_percent                          0x080001a5   Thumb Code     0  _printf_percent.o(.ARM.Collect$$_printf_percent$$00000000)
    _printf_p                                0x080001ab   Thumb Code     0  _printf_p.o(.ARM.Collect$$_printf_percent$$00000002)
    _printf_f                                0x080001b1   Thumb Code     0  _printf_f.o(.ARM.Collect$$_printf_percent$$00000003)
    _printf_e                                0x080001b7   Thumb Code     0  _printf_e.o(.ARM.Collect$$_printf_percent$$00000004)
    _printf_g                                0x080001bd   Thumb Code     0  _printf_g.o(.ARM.Collect$$_printf_percent$$00000005)
    _printf_a                                0x080001c3   Thumb Code     0  _printf_a.o(.ARM.Collect$$_printf_percent$$00000006)
    _printf_ll                               0x080001c9   Thumb Code     0  _printf_ll.o(.ARM.Collect$$_printf_percent$$00000007)
    _printf_i                                0x080001d3   Thumb Code     0  _printf_i.o(.ARM.Collect$$_printf_percent$$00000008)
    _printf_d                                0x080001d9   Thumb Code     0  _printf_d.o(.ARM.Collect$$_printf_percent$$00000009)
    _printf_u                                0x080001df   Thumb Code     0  _printf_u.o(.ARM.Collect$$_printf_percent$$0000000A)
    _printf_o                                0x080001e5   Thumb Code     0  _printf_o.o(.ARM.Collect$$_printf_percent$$0000000B)
    _printf_x                                0x080001eb   Thumb Code     0  _printf_x.o(.ARM.Collect$$_printf_percent$$0000000C)
    _printf_lli                              0x080001f1   Thumb Code     0  _printf_lli.o(.ARM.Collect$$_printf_percent$$0000000D)
    _printf_lld                              0x080001f7   Thumb Code     0  _printf_lld.o(.ARM.Collect$$_printf_percent$$0000000E)
    _printf_llu                              0x080001fd   Thumb Code     0  _printf_llu.o(.ARM.Collect$$_printf_percent$$0000000F)
    _printf_llo                              0x08000203   Thumb Code     0  _printf_llo.o(.ARM.Collect$$_printf_percent$$00000010)
    _printf_llx                              0x08000209   Thumb Code     0  _printf_llx.o(.ARM.Collect$$_printf_percent$$00000011)
    _printf_l                                0x0800020f   Thumb Code     0  _printf_l.o(.ARM.Collect$$_printf_percent$$00000012)
    _printf_c                                0x08000219   Thumb Code     0  _printf_c.o(.ARM.Collect$$_printf_percent$$00000013)
    _printf_s                                0x0800021f   Thumb Code     0  _printf_s.o(.ARM.Collect$$_printf_percent$$00000014)
    _printf_lc                               0x08000225   Thumb Code     0  _printf_lc.o(.ARM.Collect$$_printf_percent$$00000015)
    _printf_ls                               0x0800022b   Thumb Code     0  _printf_ls.o(.ARM.Collect$$_printf_percent$$00000016)
    _printf_percent_end                      0x08000231   Thumb Code     0  _printf_percent_end.o(.ARM.Collect$$_printf_percent$$00000017)
    __rt_lib_init                            0x08000235   Thumb Code     0  libinit.o(.ARM.Collect$$libinit$$00000000)
    __rt_lib_init_fp_1                       0x08000237   Thumb Code     0  libinit2.o(.ARM.Collect$$libinit$$00000002)
    __rt_lib_init_heap_1                     0x08000237   Thumb Code     0  libinit2.o(.ARM.Collect$$libinit$$0000000A)
    __rt_lib_init_lc_common                  0x08000237   Thumb Code     0  libinit2.o(.ARM.Collect$$libinit$$0000000F)
    __rt_lib_init_preinit_1                  0x08000237   Thumb Code     0  libinit2.o(.ARM.Collect$$libinit$$00000004)
    __rt_lib_init_rand_1                     0x08000237   Thumb Code     0  libinit2.o(.ARM.Collect$$libinit$$0000000E)
    __rt_lib_init_user_alloc_1               0x08000237   Thumb Code     0  libinit2.o(.ARM.Collect$$libinit$$0000000C)
    __rt_lib_init_lc_collate_1               0x0800023d   Thumb Code     0  libinit2.o(.ARM.Collect$$libinit$$00000011)
    __rt_lib_init_lc_ctype_2                 0x0800023d   Thumb Code     0  libinit2.o(.ARM.Collect$$libinit$$00000012)
    __rt_lib_init_lc_ctype_1                 0x08000249   Thumb Code     0  libinit2.o(.ARM.Collect$$libinit$$00000013)
    __rt_lib_init_lc_monetary_1              0x08000249   Thumb Code     0  libinit2.o(.ARM.Collect$$libinit$$00000015)
    __rt_lib_init_lc_numeric_2               0x08000249   Thumb Code     0  libinit2.o(.ARM.Collect$$libinit$$00000016)
    __rt_lib_init_alloca_1                   0x08000253   Thumb Code     0  libinit2.o(.ARM.Collect$$libinit$$0000002E)
    __rt_lib_init_argv_1                     0x08000253   Thumb Code     0  libinit2.o(.ARM.Collect$$libinit$$0000002C)
    __rt_lib_init_atexit_1                   0x08000253   Thumb Code     0  libinit2.o(.ARM.Collect$$libinit$$0000001B)
    __rt_lib_init_clock_1                    0x08000253   Thumb Code     0  libinit2.o(.ARM.Collect$$libinit$$00000021)
    __rt_lib_init_cpp_1                      0x08000253   Thumb Code     0  libinit2.o(.ARM.Collect$$libinit$$00000032)
    __rt_lib_init_exceptions_1               0x08000253   Thumb Code     0  libinit2.o(.ARM.Collect$$libinit$$00000030)
    __rt_lib_init_fp_trap_1                  0x08000253   Thumb Code     0  libinit2.o(.ARM.Collect$$libinit$$0000001F)
    __rt_lib_init_getenv_1                   0x08000253   Thumb Code     0  libinit2.o(.ARM.Collect$$libinit$$00000023)
    __rt_lib_init_lc_numeric_1               0x08000253   Thumb Code     0  libinit2.o(.ARM.Collect$$libinit$$00000017)
    __rt_lib_init_lc_time_1                  0x08000253   Thumb Code     0  libinit2.o(.ARM.Collect$$libinit$$00000019)
    __rt_lib_init_return                     0x08000253   Thumb Code     0  libinit2.o(.ARM.Collect$$libinit$$00000033)
    __rt_lib_init_signal_1                   0x08000253   Thumb Code     0  libinit2.o(.ARM.Collect$$libinit$$0000001D)
    __rt_lib_init_stdio_1                    0x08000253   Thumb Code     0  libinit2.o(.ARM.Collect$$libinit$$00000025)
    __rt_lib_shutdown                        0x08000255   Thumb Code     0  libshutdown.o(.ARM.Collect$$libshutdown$$00000000)
    __rt_lib_shutdown_cpp_1                  0x08000257   Thumb Code     0  libshutdown2.o(.ARM.Collect$$libshutdown$$00000004)
    __rt_lib_shutdown_fini_1                 0x08000257   Thumb Code     0  libshutdown2.o(.ARM.Collect$$libshutdown$$00000002)
    __rt_lib_shutdown_fp_trap_1              0x08000257   Thumb Code     0  libshutdown2.o(.ARM.Collect$$libshutdown$$00000009)
    __rt_lib_shutdown_heap_1                 0x08000257   Thumb Code     0  libshutdown2.o(.ARM.Collect$$libshutdown$$00000011)
    __rt_lib_shutdown_return                 0x08000257   Thumb Code     0  libshutdown2.o(.ARM.Collect$$libshutdown$$00000012)
    __rt_lib_shutdown_signal_1               0x08000257   Thumb Code     0  libshutdown2.o(.ARM.Collect$$libshutdown$$0000000C)
    __rt_lib_shutdown_stdio_1                0x08000257   Thumb Code     0  libshutdown2.o(.ARM.Collect$$libshutdown$$00000006)
    __rt_lib_shutdown_user_alloc_1           0x08000257   Thumb Code     0  libshutdown2.o(.ARM.Collect$$libshutdown$$0000000E)
    __rt_entry                               0x08000259   Thumb Code     0  __rtentry.o(.ARM.Collect$$rtentry$$00000000)
    __rt_entry_presh_1                       0x08000259   Thumb Code     0  __rtentry2.o(.ARM.Collect$$rtentry$$00000002)
    __rt_entry_sh                            0x08000259   Thumb Code     0  __rtentry4.o(.ARM.Collect$$rtentry$$00000004)
    __rt_entry_li                            0x0800025f   Thumb Code     0  __rtentry2.o(.ARM.Collect$$rtentry$$0000000A)
    __rt_entry_postsh_1                      0x0800025f   Thumb Code     0  __rtentry2.o(.ARM.Collect$$rtentry$$00000009)
    __rt_entry_main                          0x08000263   Thumb Code     0  __rtentry2.o(.ARM.Collect$$rtentry$$0000000D)
    __rt_entry_postli_1                      0x08000263   Thumb Code     0  __rtentry2.o(.ARM.Collect$$rtentry$$0000000C)
    __rt_exit                                0x0800026b   Thumb Code     0  rtexit.o(.ARM.Collect$$rtexit$$00000000)
    __rt_exit_ls                             0x0800026d   Thumb Code     0  rtexit2.o(.ARM.Collect$$rtexit$$00000003)
    __rt_exit_prels_1                        0x0800026d   Thumb Code     0  rtexit2.o(.ARM.Collect$$rtexit$$00000002)
    __rt_exit_exit                           0x08000271   Thumb Code     0  rtexit2.o(.ARM.Collect$$rtexit$$00000004)
    Reset_Handler                            0x08000279   Thumb Code     8  startup_stm32f103xe.o(.text)
    ADC1_2_IRQHandler                        0x08000293   Thumb Code     0  startup_stm32f103xe.o(.text)
    ADC3_IRQHandler                          0x08000293   Thumb Code     0  startup_stm32f103xe.o(.text)
    CAN1_RX1_IRQHandler                      0x08000293   Thumb Code     0  startup_stm32f103xe.o(.text)
    CAN1_SCE_IRQHandler                      0x08000293   Thumb Code     0  startup_stm32f103xe.o(.text)
    DMA1_Channel1_IRQHandler                 0x08000293   Thumb Code     0  startup_stm32f103xe.o(.text)
    DMA1_Channel2_IRQHandler                 0x08000293   Thumb Code     0  startup_stm32f103xe.o(.text)
    DMA1_Channel3_IRQHandler                 0x08000293   Thumb Code     0  startup_stm32f103xe.o(.text)
    DMA1_Channel4_IRQHandler                 0x08000293   Thumb Code     0  startup_stm32f103xe.o(.text)
    DMA1_Channel5_IRQHandler                 0x08000293   Thumb Code     0  startup_stm32f103xe.o(.text)
    DMA1_Channel6_IRQHandler                 0x08000293   Thumb Code     0  startup_stm32f103xe.o(.text)
    DMA1_Channel7_IRQHandler                 0x08000293   Thumb Code     0  startup_stm32f103xe.o(.text)
    DMA2_Channel1_IRQHandler                 0x08000293   Thumb Code     0  startup_stm32f103xe.o(.text)
    DMA2_Channel2_IRQHandler                 0x08000293   Thumb Code     0  startup_stm32f103xe.o(.text)
    DMA2_Channel3_IRQHandler                 0x08000293   Thumb Code     0  startup_stm32f103xe.o(.text)
    DMA2_Channel4_5_IRQHandler               0x08000293   Thumb Code     0  startup_stm32f103xe.o(.text)
    EXTI0_IRQHandler                         0x08000293   Thumb Code     0  startup_stm32f103xe.o(.text)
    EXTI15_10_IRQHandler                     0x08000293   Thumb Code     0  startup_stm32f103xe.o(.text)
    EXTI1_IRQHandler                         0x08000293   Thumb Code     0  startup_stm32f103xe.o(.text)
    EXTI2_IRQHandler                         0x08000293   Thumb Code     0  startup_stm32f103xe.o(.text)
    EXTI3_IRQHandler                         0x08000293   Thumb Code     0  startup_stm32f103xe.o(.text)
    EXTI4_IRQHandler                         0x08000293   Thumb Code     0  startup_stm32f103xe.o(.text)
    EXTI9_5_IRQHandler                       0x08000293   Thumb Code     0  startup_stm32f103xe.o(.text)
    FLASH_IRQHandler                         0x08000293   Thumb Code     0  startup_stm32f103xe.o(.text)
    FSMC_IRQHandler                          0x08000293   Thumb Code     0  startup_stm32f103xe.o(.text)
    I2C1_ER_IRQHandler                       0x08000293   Thumb Code     0  startup_stm32f103xe.o(.text)
    I2C1_EV_IRQHandler                       0x08000293   Thumb Code     0  startup_stm32f103xe.o(.text)
    I2C2_ER_IRQHandler                       0x08000293   Thumb Code     0  startup_stm32f103xe.o(.text)
    I2C2_EV_IRQHandler                       0x08000293   Thumb Code     0  startup_stm32f103xe.o(.text)
    PVD_IRQHandler                           0x08000293   Thumb Code     0  startup_stm32f103xe.o(.text)
    RCC_IRQHandler                           0x08000293   Thumb Code     0  startup_stm32f103xe.o(.text)
    RTC_Alarm_IRQHandler                     0x08000293   Thumb Code     0  startup_stm32f103xe.o(.text)
    RTC_IRQHandler                           0x08000293   Thumb Code     0  startup_stm32f103xe.o(.text)
    SDIO_IRQHandler                          0x08000293   Thumb Code     0  startup_stm32f103xe.o(.text)
    SPI1_IRQHandler                          0x08000293   Thumb Code     0  startup_stm32f103xe.o(.text)
    SPI2_IRQHandler                          0x08000293   Thumb Code     0  startup_stm32f103xe.o(.text)
    SPI3_IRQHandler                          0x08000293   Thumb Code     0  startup_stm32f103xe.o(.text)
    TAMPER_IRQHandler                        0x08000293   Thumb Code     0  startup_stm32f103xe.o(.text)
    TIM1_BRK_IRQHandler                      0x08000293   Thumb Code     0  startup_stm32f103xe.o(.text)
    TIM1_CC_IRQHandler                       0x08000293   Thumb Code     0  startup_stm32f103xe.o(.text)
    TIM1_TRG_COM_IRQHandler                  0x08000293   Thumb Code     0  startup_stm32f103xe.o(.text)
    TIM1_UP_IRQHandler                       0x08000293   Thumb Code     0  startup_stm32f103xe.o(.text)
    TIM2_IRQHandler                          0x08000293   Thumb Code     0  startup_stm32f103xe.o(.text)
    TIM3_IRQHandler                          0x08000293   Thumb Code     0  startup_stm32f103xe.o(.text)
    TIM4_IRQHandler                          0x08000293   Thumb Code     0  startup_stm32f103xe.o(.text)
    TIM5_IRQHandler                          0x08000293   Thumb Code     0  startup_stm32f103xe.o(.text)
    TIM6_IRQHandler                          0x08000293   Thumb Code     0  startup_stm32f103xe.o(.text)
    TIM7_IRQHandler                          0x08000293   Thumb Code     0  startup_stm32f103xe.o(.text)
    TIM8_BRK_IRQHandler                      0x08000293   Thumb Code     0  startup_stm32f103xe.o(.text)
    TIM8_CC_IRQHandler                       0x08000293   Thumb Code     0  startup_stm32f103xe.o(.text)
    TIM8_TRG_COM_IRQHandler                  0x08000293   Thumb Code     0  startup_stm32f103xe.o(.text)
    TIM8_UP_IRQHandler                       0x08000293   Thumb Code     0  startup_stm32f103xe.o(.text)
    UART4_IRQHandler                         0x08000293   Thumb Code     0  startup_stm32f103xe.o(.text)
    UART5_IRQHandler                         0x08000293   Thumb Code     0  startup_stm32f103xe.o(.text)
    USART3_IRQHandler                        0x08000293   Thumb Code     0  startup_stm32f103xe.o(.text)
    USBWakeUp_IRQHandler                     0x08000293   Thumb Code     0  startup_stm32f103xe.o(.text)
    USB_HP_CAN1_TX_IRQHandler                0x08000293   Thumb Code     0  startup_stm32f103xe.o(.text)
    USB_LP_CAN1_RX0_IRQHandler               0x08000293   Thumb Code     0  startup_stm32f103xe.o(.text)
    WWDG_IRQHandler                          0x08000293   Thumb Code     0  startup_stm32f103xe.o(.text)
    __user_initial_stackheap                 0x08000295   Thumb Code     0  startup_stm32f103xe.o(.text)
    vsprintf                                 0x080002b9   Thumb Code    32  vsprintf.o(.text)
    __2sprintf                               0x080002dd   Thumb Code    38  __2sprintf.o(.text)
    _printf_int_dec                          0x08000309   Thumb Code   104  _printf_dec.o(.text)
    __printf                                 0x08000381   Thumb Code   388  __printf_flags_ss_wp.o(.text)
    strlen                                   0x08000509   Thumb Code    62  strlen.o(.text)
    __aeabi_memcpy4                          0x08000547   Thumb Code     0  rt_memcpy_w.o(.text)
    __aeabi_memcpy8                          0x08000547   Thumb Code     0  rt_memcpy_w.o(.text)
    __rt_memcpy_w                            0x08000547   Thumb Code   100  rt_memcpy_w.o(.text)
    _memcpy_lastbytes_aligned                0x0800058f   Thumb Code     0  rt_memcpy_w.o(.text)
    __aeabi_memclr                           0x080005ab   Thumb Code     0  rt_memclr.o(.text)
    __rt_memclr                              0x080005ab   Thumb Code    68  rt_memclr.o(.text)
    _memset                                  0x080005af   Thumb Code     0  rt_memclr.o(.text)
    __aeabi_memclr4                          0x080005ef   Thumb Code     0  rt_memclr_w.o(.text)
    __aeabi_memclr8                          0x080005ef   Thumb Code     0  rt_memclr_w.o(.text)
    __rt_memclr_w                            0x080005ef   Thumb Code    78  rt_memclr_w.o(.text)
    _memset_w                                0x080005f3   Thumb Code     0  rt_memclr_w.o(.text)
    __use_two_region_memory                  0x0800063d   Thumb Code     2  heapauxi.o(.text)
    __rt_heap_escrow$2region                 0x0800063f   Thumb Code     2  heapauxi.o(.text)
    __rt_heap_expand$2region                 0x08000641   Thumb Code     2  heapauxi.o(.text)
    _printf_pre_padding                      0x08000643   Thumb Code    44  _printf_pad.o(.text)
    _printf_post_padding                     0x0800066f   Thumb Code    34  _printf_pad.o(.text)
    _printf_truncate_signed                  0x08000691   Thumb Code    18  _printf_truncate.o(.text)
    _printf_truncate_unsigned                0x080006a3   Thumb Code    18  _printf_truncate.o(.text)
    _printf_str                              0x080006b5   Thumb Code    82  _printf_str.o(.text)
    _printf_int_common                       0x08000707   Thumb Code   178  _printf_intcommon.o(.text)
    _printf_charcount                        0x080007b9   Thumb Code    40  _printf_charcount.o(.text)
    _printf_char_common                      0x080007eb   Thumb Code    32  _printf_char_common.o(.text)
    _sputc                                   0x08000811   Thumb Code    10  _sputc.o(.text)
    _printf_wctomb                           0x0800081d   Thumb Code   182  _printf_wctomb.o(.text)
    _printf_longlong_dec                     0x080008d9   Thumb Code   108  _printf_longlong_dec.o(.text)
    _printf_longlong_oct                     0x08000955   Thumb Code    66  _printf_oct_int_ll.o(.text)
    _printf_int_oct                          0x08000997   Thumb Code    24  _printf_oct_int_ll.o(.text)
    _printf_ll_oct                           0x080009af   Thumb Code    12  _printf_oct_int_ll.o(.text)
    _printf_longlong_hex                     0x080009c5   Thumb Code    86  _printf_hex_int_ll_ptr.o(.text)
    _printf_int_hex                          0x08000a1b   Thumb Code    28  _printf_hex_int_ll_ptr.o(.text)
    _printf_ll_hex                           0x08000a37   Thumb Code    12  _printf_hex_int_ll_ptr.o(.text)
    _printf_hex_ptr                          0x08000a43   Thumb Code    18  _printf_hex_int_ll_ptr.o(.text)
    _ll_udiv10                               0x08000a59   Thumb Code   138  lludiv10.o(.text)
    __lib_sel_fp_printf                      0x08000ae3   Thumb Code     2  _printf_fp_dec.o(.text)
    _printf_fp_dec_real                      0x08000c95   Thumb Code   620  _printf_fp_dec.o(.text)
    _printf_fp_hex_real                      0x08000f01   Thumb Code   756  _printf_fp_hex.o(.text)
    _printf_cs_common                        0x080011fd   Thumb Code    20  _printf_char.o(.text)
    _printf_char                             0x08001211   Thumb Code    16  _printf_char.o(.text)
    _printf_string                           0x08001221   Thumb Code     8  _printf_char.o(.text)
    _printf_lcs_common                       0x08001229   Thumb Code    20  _printf_wchar.o(.text)
    _printf_wchar                            0x0800123d   Thumb Code    16  _printf_wchar.o(.text)
    _printf_wstring                          0x0800124d   Thumb Code     8  _printf_wchar.o(.text)
    _wcrtomb                                 0x08001255   Thumb Code    64  _wcrtomb.o(.text)
    __user_setup_stackheap                   0x08001295   Thumb Code    74  sys_stackheap_outer.o(.text)
    __rt_ctype_table                         0x080012e1   Thumb Code    16  rt_ctype_table.o(.text)
    __rt_locale                              0x080012f1   Thumb Code     8  rt_locale_intlibspace.o(.text)
    _printf_fp_infnan                        0x080012f9   Thumb Code   112  _printf_fp_infnan.o(.text)
    _btod_etento                             0x08001379   Thumb Code   224  bigflt0.o(.text)
    exit                                     0x0800145d   Thumb Code    18  exit.o(.text)
    __user_libspace                          0x08001471   Thumb Code     8  libspace.o(.text)
    __user_perproc_libspace                  0x08001471   Thumb Code     0  libspace.o(.text)
    __user_perthread_libspace                0x08001471   Thumb Code     0  libspace.o(.text)
    strcmp                                   0x08001479   Thumb Code   128  strcmpv7m.o(.text)
    _sys_exit                                0x080014f9   Thumb Code     8  sys_exit.o(.text)
    __I$use$semihosting                      0x08001505   Thumb Code     0  use_no_semi.o(.text)
    __use_no_semihosting_swi                 0x08001505   Thumb Code     2  use_no_semi.o(.text)
    __semihosting_library_function           0x08001507   Thumb Code     0  indicate_semi.o(.text)
    _btod_d2e                                0x08001507   Thumb Code    62  btod.o(CL$$btod_d2e)
    _d2e_denorm_low                          0x08001545   Thumb Code    70  btod.o(CL$$btod_d2e_denorm_low)
    _d2e_norm_op1                            0x0800158b   Thumb Code    96  btod.o(CL$$btod_d2e_norm_op1)
    __btod_div_common                        0x080015eb   Thumb Code   696  btod.o(CL$$btod_div_common)
    _e2e                                     0x08001923   Thumb Code   220  btod.o(CL$$btod_e2e)
    _btod_ediv                               0x080019ff   Thumb Code    42  btod.o(CL$$btod_ediv)
    _btod_emul                               0x08001a29   Thumb Code    42  btod.o(CL$$btod_emul)
    __btod_mult_common                       0x08001a53   Thumb Code   580  btod.o(CL$$btod_mult_common)
    BusFault_Handler                         0x08001c97   Thumb Code     2  stm32f1xx_it.o(i.BusFault_Handler)
    DebugMon_Handler                         0x08001d09   Thumb Code     2  stm32f1xx_it.o(i.DebugMon_Handler)
    Error_Handler                            0x08001d0b   Thumb Code     4  main.o(i.Error_Handler)
    HAL_DMA_Abort                            0x08001d0f   Thumb Code    70  stm32f1xx_hal_dma.o(i.HAL_DMA_Abort)
    HAL_DMA_Abort_IT                         0x08001d55   Thumb Code   296  stm32f1xx_hal_dma.o(i.HAL_DMA_Abort_IT)
    HAL_Delay                                0x08001e85   Thumb Code    32  stm32f1xx_hal.o(i.HAL_Delay)
    HAL_GPIO_Init                            0x08001ea9   Thumb Code   462  stm32f1xx_hal_gpio.o(i.HAL_GPIO_Init)
    HAL_GPIO_WritePin                        0x080020a1   Thumb Code    10  stm32f1xx_hal_gpio.o(i.HAL_GPIO_WritePin)
    HAL_GetTick                              0x080020ad   Thumb Code     6  stm32f1xx_hal.o(i.HAL_GetTick)
    HAL_IncTick                              0x080020b9   Thumb Code    12  stm32f1xx_hal.o(i.HAL_IncTick)
    HAL_Init                                 0x080020c9   Thumb Code    32  stm32f1xx_hal.o(i.HAL_Init)
    HAL_InitTick                             0x080020ed   Thumb Code    54  stm32f1xx_hal.o(i.HAL_InitTick)
    HAL_MspInit                              0x0800212d   Thumb Code    52  stm32f1xx_hal_msp.o(i.HAL_MspInit)
    HAL_NVIC_EnableIRQ                       0x08002169   Thumb Code    26  stm32f1xx_hal_cortex.o(i.HAL_NVIC_EnableIRQ)
    HAL_NVIC_SetPriority                     0x08002185   Thumb Code    60  stm32f1xx_hal_cortex.o(i.HAL_NVIC_SetPriority)
    HAL_NVIC_SetPriorityGrouping             0x080021c5   Thumb Code    26  stm32f1xx_hal_cortex.o(i.HAL_NVIC_SetPriorityGrouping)
    HAL_RCC_ClockConfig                      0x080021e9   Thumb Code   280  stm32f1xx_hal_rcc.o(i.HAL_RCC_ClockConfig)
    HAL_RCC_GetHCLKFreq                      0x08002315   Thumb Code     6  stm32f1xx_hal_rcc.o(i.HAL_RCC_GetHCLKFreq)
    HAL_RCC_GetPCLK1Freq                     0x08002321   Thumb Code    20  stm32f1xx_hal_rcc.o(i.HAL_RCC_GetPCLK1Freq)
    HAL_RCC_GetPCLK2Freq                     0x08002341   Thumb Code    20  stm32f1xx_hal_rcc.o(i.HAL_RCC_GetPCLK2Freq)
    HAL_RCC_GetSysClockFreq                  0x08002361   Thumb Code    58  stm32f1xx_hal_rcc.o(i.HAL_RCC_GetSysClockFreq)
    HAL_RCC_OscConfig                        0x080023ad   Thumb Code   778  stm32f1xx_hal_rcc.o(i.HAL_RCC_OscConfig)
    HAL_SYSTICK_Config                       0x080026cd   Thumb Code    40  stm32f1xx_hal_cortex.o(i.HAL_SYSTICK_Config)
    HAL_UARTEx_RxEventCallback               0x080026f5   Thumb Code     2  stm32f1xx_hal_uart.o(i.HAL_UARTEx_RxEventCallback)
    HAL_UART_ErrorCallback                   0x080026f7   Thumb Code     2  stm32f1xx_hal_uart.o(i.HAL_UART_ErrorCallback)
    HAL_UART_IRQHandler                      0x080026f9   Thumb Code   616  stm32f1xx_hal_uart.o(i.HAL_UART_IRQHandler)
    HAL_UART_Init                            0x08002965   Thumb Code   100  stm32f1xx_hal_uart.o(i.HAL_UART_Init)
    HAL_UART_MspInit                         0x080029c9   Thumb Code   198  usart.o(i.HAL_UART_MspInit)
    HAL_UART_Receive                         0x08002aa1   Thumb Code   172  stm32f1xx_hal_uart.o(i.HAL_UART_Receive)
    HAL_UART_RxCpltCallback                  0x08002b4d   Thumb Code     2  stm32f1xx_hal_uart.o(i.HAL_UART_RxCpltCallback)
    HAL_UART_TxCpltCallback                  0x08002b4f   Thumb Code     2  stm32f1xx_hal_uart.o(i.HAL_UART_TxCpltCallback)
    HardFault_Handler                        0x08002b51   Thumb Code     2  stm32f1xx_it.o(i.HardFault_Handler)
    MX_GPIO_Init                             0x08002b55   Thumb Code   300  gpio.o(i.MX_GPIO_Init)
    MX_USART1_UART_Init                      0x08002c99   Thumb Code    48  usart.o(i.MX_USART1_UART_Init)
    MX_USART2_UART_Init                      0x08002cd1   Thumb Code    48  usart.o(i.MX_USART2_UART_Init)
    MemManage_Handler                        0x08002d09   Thumb Code     2  stm32f1xx_it.o(i.MemManage_Handler)
    NMI_Handler                              0x08002d0b   Thumb Code     2  stm32f1xx_it.o(i.NMI_Handler)
    PendSV_Handler                           0x08002d0d   Thumb Code     2  stm32f1xx_it.o(i.PendSV_Handler)
    SVC_Handler                              0x08002d0f   Thumb Code     2  stm32f1xx_it.o(i.SVC_Handler)
    SysTick_Handler                          0x08002d11   Thumb Code     4  stm32f1xx_it.o(i.SysTick_Handler)
    SystemClock_Config                       0x08002d15   Thumb Code    94  main.o(i.SystemClock_Config)
    SystemInit                               0x08002d73   Thumb Code     2  system_stm32f1xx.o(i.SystemInit)
    USART1_IRQHandler                        0x08002fc5   Thumb Code     6  stm32f1xx_it.o(i.USART1_IRQHandler)
    USART2_IRQHandler                        0x08002fd1   Thumb Code     6  stm32f1xx_it.o(i.USART2_IRQHandler)
    UsageFault_Handler                       0x08002fdd   Thumb Code     2  stm32f1xx_it.o(i.UsageFault_Handler)
    __ARM_fpclassify                         0x08002fdf   Thumb Code    40  fpclassify.o(i.__ARM_fpclassify)
    _is_digit                                0x08003027   Thumb Code    14  __printf_wp.o(i._is_digit)
    lcd16x2_1stLine                          0x08003035   Thumb Code     8  lcd16x2.o(i.lcd16x2_1stLine)
    lcd16x2_2ndLine                          0x0800303d   Thumb Code     8  lcd16x2.o(i.lcd16x2_2ndLine)
    lcd16x2_clear                            0x08003045   Thumb Code    18  lcd16x2.o(i.lcd16x2_clear)
    lcd16x2_init_8bits                       0x08003085   Thumb Code   156  lcd16x2.o(i.lcd16x2_init_8bits)
    lcd16x2_printf                           0x08003125   Thumb Code    62  lcd16x2.o(i.lcd16x2_printf)
    lcd16x2_setCursor                        0x08003175   Thumb Code    22  lcd16x2.o(i.lcd16x2_setCursor)
    main                                     0x08003279   Thumb Code   618  main.o(i.main)
    _get_lc_numeric                          0x08003521   Thumb Code    44  lc_numeric_c.o(locale$$code)
    _get_lc_ctype                            0x0800354d   Thumb Code    44  lc_ctype_c.o(locale$$code)
    _printf_fp_dec                           0x08003579   Thumb Code     4  printf1.o(x$fpl$printf1)
    _printf_fp_hex                           0x0800357d   Thumb Code     4  printf2.o(x$fpl$printf2)
    __I$use$fp                               0x08003580   Number         0  usenofp.o(x$fpl$usenofp)
    AHBPrescTable                            0x080035f8   Data          16  system_stm32f1xx.o(.constdata)
    APBPrescTable                            0x08003608   Data           8  system_stm32f1xx.o(.constdata)
    Region$$Table$$Base                      0x08003720   Number         0  anon$$obj.o(Region$$Table)
    Region$$Table$$Limit                     0x08003740   Number         0  anon$$obj.o(Region$$Table)
    __ctype                                  0x08003769   Data           0  lc_ctype_c.o(locale$$data)
    SystemCoreClock                          0x20000028   Data           4  system_stm32f1xx.o(.data)
    uwTickFreq                               0x2000002c   Data           1  stm32f1xx_hal.o(.data)
    uwTickPrio                               0x20000030   Data           4  stm32f1xx_hal.o(.data)
    uwTick                                   0x20000034   Data           4  stm32f1xx_hal.o(.data)
    Rx_data                                  0x20000038   Data          10  main.o(.bss)
    LCD_msg                                  0x20000042   Data          16  main.o(.bss)
    huart1                                   0x20000054   Data          72  usart.o(.bss)
    huart2                                   0x2000009c   Data          72  usart.o(.bss)
    __libspace_start                         0x200000e4   Data          96  libspace.o(.bss)
    __temporary_stack_top$libspace           0x20000144   Data           0  libspace.o(.bss)



==============================================================================

Memory Map of the image

  Image Entry point : 0x08000131

  Load Region LR_IROM1 (Base: 0x08000000, Size: 0x000038a4, Max: 0x00040000, ABSOLUTE)

    Execution Region ER_IROM1 (Exec base: 0x08000000, Load base: 0x08000000, Size: 0x0000386c, Max: 0x00040000, ABSOLUTE)

    Exec Addr    Load Addr    Size         Type   Attr      Idx    E Section Name        Object

    0x08000000   0x08000000   0x00000130   Data   RO            3    RESET               startup_stm32f103xe.o
    0x08000130   0x08000130   0x00000008   Code   RO         2060  * !!!main             c_w.l(__main.o)
    0x08000138   0x08000138   0x00000034   Code   RO         2357    !!!scatter          c_w.l(__scatter.o)
    0x0800016c   0x0800016c   0x0000001a   Code   RO         2359    !!handler_copy      c_w.l(__scatter_copy.o)
    0x08000186   0x08000186   0x00000002   PAD
    0x08000188   0x08000188   0x0000001c   Code   RO         2361    !!handler_zi        c_w.l(__scatter_zi.o)
    0x080001a4   0x080001a4   0x00000000   Code   RO         2049    .ARM.Collect$$_printf_percent$$00000000  c_w.l(_printf_percent.o)
    0x080001a4   0x080001a4   0x00000006   Code   RO         2111    .ARM.Collect$$_printf_percent$$00000001  c_w.l(_printf_n.o)
    0x080001aa   0x080001aa   0x00000006   Code   RO         2113    .ARM.Collect$$_printf_percent$$00000002  c_w.l(_printf_p.o)
    0x080001b0   0x080001b0   0x00000006   Code   RO         2117    .ARM.Collect$$_printf_percent$$00000003  c_w.l(_printf_f.o)
    0x080001b6   0x080001b6   0x00000006   Code   RO         2118    .ARM.Collect$$_printf_percent$$00000004  c_w.l(_printf_e.o)
    0x080001bc   0x080001bc   0x00000006   Code   RO         2119    .ARM.Collect$$_printf_percent$$00000005  c_w.l(_printf_g.o)
    0x080001c2   0x080001c2   0x00000006   Code   RO         2120    .ARM.Collect$$_printf_percent$$00000006  c_w.l(_printf_a.o)
    0x080001c8   0x080001c8   0x0000000a   Code   RO         2125    .ARM.Collect$$_printf_percent$$00000007  c_w.l(_printf_ll.o)
    0x080001d2   0x080001d2   0x00000006   Code   RO         2115    .ARM.Collect$$_printf_percent$$00000008  c_w.l(_printf_i.o)
    0x080001d8   0x080001d8   0x00000006   Code   RO         2048    .ARM.Collect$$_printf_percent$$00000009  c_w.l(_printf_d.o)
    0x080001de   0x080001de   0x00000006   Code   RO         2116    .ARM.Collect$$_printf_percent$$0000000A  c_w.l(_printf_u.o)
    0x080001e4   0x080001e4   0x00000006   Code   RO         2114    .ARM.Collect$$_printf_percent$$0000000B  c_w.l(_printf_o.o)
    0x080001ea   0x080001ea   0x00000006   Code   RO         2112    .ARM.Collect$$_printf_percent$$0000000C  c_w.l(_printf_x.o)
    0x080001f0   0x080001f0   0x00000006   Code   RO         2122    .ARM.Collect$$_printf_percent$$0000000D  c_w.l(_printf_lli.o)
    0x080001f6   0x080001f6   0x00000006   Code   RO         2123    .ARM.Collect$$_printf_percent$$0000000E  c_w.l(_printf_lld.o)
    0x080001fc   0x080001fc   0x00000006   Code   RO         2124    .ARM.Collect$$_printf_percent$$0000000F  c_w.l(_printf_llu.o)
    0x08000202   0x08000202   0x00000006   Code   RO         2129    .ARM.Collect$$_printf_percent$$00000010  c_w.l(_printf_llo.o)
    0x08000208   0x08000208   0x00000006   Code   RO         2130    .ARM.Collect$$_printf_percent$$00000011  c_w.l(_printf_llx.o)
    0x0800020e   0x0800020e   0x0000000a   Code   RO         2126    .ARM.Collect$$_printf_percent$$00000012  c_w.l(_printf_l.o)
    0x08000218   0x08000218   0x00000006   Code   RO         2109    .ARM.Collect$$_printf_percent$$00000013  c_w.l(_printf_c.o)
    0x0800021e   0x0800021e   0x00000006   Code   RO         2110    .ARM.Collect$$_printf_percent$$00000014  c_w.l(_printf_s.o)
    0x08000224   0x08000224   0x00000006   Code   RO         2127    .ARM.Collect$$_printf_percent$$00000015  c_w.l(_printf_lc.o)
    0x0800022a   0x0800022a   0x00000006   Code   RO         2128    .ARM.Collect$$_printf_percent$$00000016  c_w.l(_printf_ls.o)
    0x08000230   0x08000230   0x00000004   Code   RO         2121    .ARM.Collect$$_printf_percent$$00000017  c_w.l(_printf_percent_end.o)
    0x08000234   0x08000234   0x00000002   Code   RO         2215    .ARM.Collect$$libinit$$00000000  c_w.l(libinit.o)
    0x08000236   0x08000236   0x00000000   Code   RO         2232    .ARM.Collect$$libinit$$00000002  c_w.l(libinit2.o)
    0x08000236   0x08000236   0x00000000   Code   RO         2234    .ARM.Collect$$libinit$$00000004  c_w.l(libinit2.o)
    0x08000236   0x08000236   0x00000000   Code   RO         2237    .ARM.Collect$$libinit$$0000000A  c_w.l(libinit2.o)
    0x08000236   0x08000236   0x00000000   Code   RO         2239    .ARM.Collect$$libinit$$0000000C  c_w.l(libinit2.o)
    0x08000236   0x08000236   0x00000000   Code   RO         2241    .ARM.Collect$$libinit$$0000000E  c_w.l(libinit2.o)
    0x08000236   0x08000236   0x00000006   Code   RO         2242    .ARM.Collect$$libinit$$0000000F  c_w.l(libinit2.o)
    0x0800023c   0x0800023c   0x00000000   Code   RO         2244    .ARM.Collect$$libinit$$00000011  c_w.l(libinit2.o)
    0x0800023c   0x0800023c   0x0000000c   Code   RO         2245    .ARM.Collect$$libinit$$00000012  c_w.l(libinit2.o)
    0x08000248   0x08000248   0x00000000   Code   RO         2246    .ARM.Collect$$libinit$$00000013  c_w.l(libinit2.o)
    0x08000248   0x08000248   0x00000000   Code   RO         2248    .ARM.Collect$$libinit$$00000015  c_w.l(libinit2.o)
    0x08000248   0x08000248   0x0000000a   Code   RO         2249    .ARM.Collect$$libinit$$00000016  c_w.l(libinit2.o)
    0x08000252   0x08000252   0x00000000   Code   RO         2250    .ARM.Collect$$libinit$$00000017  c_w.l(libinit2.o)
    0x08000252   0x08000252   0x00000000   Code   RO         2252    .ARM.Collect$$libinit$$00000019  c_w.l(libinit2.o)
    0x08000252   0x08000252   0x00000000   Code   RO         2254    .ARM.Collect$$libinit$$0000001B  c_w.l(libinit2.o)
    0x08000252   0x08000252   0x00000000   Code   RO         2256    .ARM.Collect$$libinit$$0000001D  c_w.l(libinit2.o)
    0x08000252   0x08000252   0x00000000   Code   RO         2258    .ARM.Collect$$libinit$$0000001F  c_w.l(libinit2.o)
    0x08000252   0x08000252   0x00000000   Code   RO         2260    .ARM.Collect$$libinit$$00000021  c_w.l(libinit2.o)
    0x08000252   0x08000252   0x00000000   Code   RO         2262    .ARM.Collect$$libinit$$00000023  c_w.l(libinit2.o)
    0x08000252   0x08000252   0x00000000   Code   RO         2264    .ARM.Collect$$libinit$$00000025  c_w.l(libinit2.o)
    0x08000252   0x08000252   0x00000000   Code   RO         2268    .ARM.Collect$$libinit$$0000002C  c_w.l(libinit2.o)
    0x08000252   0x08000252   0x00000000   Code   RO         2270    .ARM.Collect$$libinit$$0000002E  c_w.l(libinit2.o)
    0x08000252   0x08000252   0x00000000   Code   RO         2272    .ARM.Collect$$libinit$$00000030  c_w.l(libinit2.o)
    0x08000252   0x08000252   0x00000000   Code   RO         2274    .ARM.Collect$$libinit$$00000032  c_w.l(libinit2.o)
    0x08000252   0x08000252   0x00000002   Code   RO         2275    .ARM.Collect$$libinit$$00000033  c_w.l(libinit2.o)
    0x08000254   0x08000254   0x00000002   Code   RO         2295    .ARM.Collect$$libshutdown$$00000000  c_w.l(libshutdown.o)
    0x08000256   0x08000256   0x00000000   Code   RO         2308    .ARM.Collect$$libshutdown$$00000002  c_w.l(libshutdown2.o)
    0x08000256   0x08000256   0x00000000   Code   RO         2310    .ARM.Collect$$libshutdown$$00000004  c_w.l(libshutdown2.o)
    0x08000256   0x08000256   0x00000000   Code   RO         2312    .ARM.Collect$$libshutdown$$00000006  c_w.l(libshutdown2.o)
    0x08000256   0x08000256   0x00000000   Code   RO         2315    .ARM.Collect$$libshutdown$$00000009  c_w.l(libshutdown2.o)
    0x08000256   0x08000256   0x00000000   Code   RO         2318    .ARM.Collect$$libshutdown$$0000000C  c_w.l(libshutdown2.o)
    0x08000256   0x08000256   0x00000000   Code   RO         2320    .ARM.Collect$$libshutdown$$0000000E  c_w.l(libshutdown2.o)
    0x08000256   0x08000256   0x00000000   Code   RO         2323    .ARM.Collect$$libshutdown$$00000011  c_w.l(libshutdown2.o)
    0x08000256   0x08000256   0x00000002   Code   RO         2324    .ARM.Collect$$libshutdown$$00000012  c_w.l(libshutdown2.o)
    0x08000258   0x08000258   0x00000000   Code   RO         2062    .ARM.Collect$$rtentry$$00000000  c_w.l(__rtentry.o)
    0x08000258   0x08000258   0x00000000   Code   RO         2140    .ARM.Collect$$rtentry$$00000002  c_w.l(__rtentry2.o)
    0x08000258   0x08000258   0x00000006   Code   RO         2152    .ARM.Collect$$rtentry$$00000004  c_w.l(__rtentry4.o)
    0x0800025e   0x0800025e   0x00000000   Code   RO         2142    .ARM.Collect$$rtentry$$00000009  c_w.l(__rtentry2.o)
    0x0800025e   0x0800025e   0x00000004   Code   RO         2143    .ARM.Collect$$rtentry$$0000000A  c_w.l(__rtentry2.o)
    0x08000262   0x08000262   0x00000000   Code   RO         2145    .ARM.Collect$$rtentry$$0000000C  c_w.l(__rtentry2.o)
    0x08000262   0x08000262   0x00000008   Code   RO         2146    .ARM.Collect$$rtentry$$0000000D  c_w.l(__rtentry2.o)
    0x0800026a   0x0800026a   0x00000002   Code   RO         2224    .ARM.Collect$$rtexit$$00000000  c_w.l(rtexit.o)
    0x0800026c   0x0800026c   0x00000000   Code   RO         2277    .ARM.Collect$$rtexit$$00000002  c_w.l(rtexit2.o)
    0x0800026c   0x0800026c   0x00000004   Code   RO         2278    .ARM.Collect$$rtexit$$00000003  c_w.l(rtexit2.o)
    0x08000270   0x08000270   0x00000006   Code   RO         2279    .ARM.Collect$$rtexit$$00000004  c_w.l(rtexit2.o)
    0x08000276   0x08000276   0x00000002   PAD
    0x08000278   0x08000278   0x00000040   Code   RO            4    .text               startup_stm32f103xe.o
    0x080002b8   0x080002b8   0x00000024   Code   RO         2018    .text               c_w.l(vsprintf.o)
    0x080002dc   0x080002dc   0x0000002c   Code   RO         2020    .text               c_w.l(__2sprintf.o)
    0x08000308   0x08000308   0x00000078   Code   RO         2026    .text               c_w.l(_printf_dec.o)
    0x08000380   0x08000380   0x00000188   Code   RO         2045    .text               c_w.l(__printf_flags_ss_wp.o)
    0x08000508   0x08000508   0x0000003e   Code   RO         2050    .text               c_w.l(strlen.o)
    0x08000546   0x08000546   0x00000064   Code   RO         2052    .text               c_w.l(rt_memcpy_w.o)
    0x080005aa   0x080005aa   0x00000044   Code   RO         2054    .text               c_w.l(rt_memclr.o)
    0x080005ee   0x080005ee   0x0000004e   Code   RO         2056    .text               c_w.l(rt_memclr_w.o)
    0x0800063c   0x0800063c   0x00000006   Code   RO         2058    .text               c_w.l(heapauxi.o)
    0x08000642   0x08000642   0x0000004e   Code   RO         2063    .text               c_w.l(_printf_pad.o)
    0x08000690   0x08000690   0x00000024   Code   RO         2065    .text               c_w.l(_printf_truncate.o)
    0x080006b4   0x080006b4   0x00000052   Code   RO         2067    .text               c_w.l(_printf_str.o)
    0x08000706   0x08000706   0x000000b2   Code   RO         2069    .text               c_w.l(_printf_intcommon.o)
    0x080007b8   0x080007b8   0x00000028   Code   RO         2071    .text               c_w.l(_printf_charcount.o)
    0x080007e0   0x080007e0   0x00000030   Code   RO         2073    .text               c_w.l(_printf_char_common.o)
    0x08000810   0x08000810   0x0000000a   Code   RO         2075    .text               c_w.l(_sputc.o)
    0x0800081a   0x0800081a   0x00000002   PAD
    0x0800081c   0x0800081c   0x000000bc   Code   RO         2077    .text               c_w.l(_printf_wctomb.o)
    0x080008d8   0x080008d8   0x0000007c   Code   RO         2080    .text               c_w.l(_printf_longlong_dec.o)
    0x08000954   0x08000954   0x00000070   Code   RO         2086    .text               c_w.l(_printf_oct_int_ll.o)
    0x080009c4   0x080009c4   0x00000094   Code   RO         2106    .text               c_w.l(_printf_hex_int_ll_ptr.o)
    0x08000a58   0x08000a58   0x0000008a   Code   RO         2154    .text               c_w.l(lludiv10.o)
    0x08000ae2   0x08000ae2   0x0000041e   Code   RO         2156    .text               c_w.l(_printf_fp_dec.o)
    0x08000f00   0x08000f00   0x000002fc   Code   RO         2158    .text               c_w.l(_printf_fp_hex.o)
    0x080011fc   0x080011fc   0x0000002c   Code   RO         2163    .text               c_w.l(_printf_char.o)
    0x08001228   0x08001228   0x0000002c   Code   RO         2165    .text               c_w.l(_printf_wchar.o)
    0x08001254   0x08001254   0x00000040   Code   RO         2167    .text               c_w.l(_wcrtomb.o)
    0x08001294   0x08001294   0x0000004a   Code   RO         2169    .text               c_w.l(sys_stackheap_outer.o)
    0x080012de   0x080012de   0x00000002   PAD
    0x080012e0   0x080012e0   0x00000010   Code   RO         2171    .text               c_w.l(rt_ctype_table.o)
    0x080012f0   0x080012f0   0x00000008   Code   RO         2176    .text               c_w.l(rt_locale_intlibspace.o)
    0x080012f8   0x080012f8   0x00000080   Code   RO         2178    .text               c_w.l(_printf_fp_infnan.o)
    0x08001378   0x08001378   0x000000e4   Code   RO         2180    .text               c_w.l(bigflt0.o)
    0x0800145c   0x0800145c   0x00000012   Code   RO         2208    .text               c_w.l(exit.o)
    0x0800146e   0x0800146e   0x00000002   PAD
    0x08001470   0x08001470   0x00000008   Code   RO         2221    .text               c_w.l(libspace.o)
    0x08001478   0x08001478   0x00000080   Code   RO         2229    .text               c_w.l(strcmpv7m.o)
    0x080014f8   0x080014f8   0x0000000c   Code   RO         2287    .text               c_w.l(sys_exit.o)
    0x08001504   0x08001504   0x00000002   Code   RO         2298    .text               c_w.l(use_no_semi.o)
    0x08001506   0x08001506   0x00000000   Code   RO         2300    .text               c_w.l(indicate_semi.o)
    0x08001506   0x08001506   0x0000003e   Code   RO         2183    CL$$btod_d2e        c_w.l(btod.o)
    0x08001544   0x08001544   0x00000046   Code   RO         2185    CL$$btod_d2e_denorm_low  c_w.l(btod.o)
    0x0800158a   0x0800158a   0x00000060   Code   RO         2184    CL$$btod_d2e_norm_op1  c_w.l(btod.o)
    0x080015ea   0x080015ea   0x00000338   Code   RO         2193    CL$$btod_div_common  c_w.l(btod.o)
    0x08001922   0x08001922   0x000000dc   Code   RO         2190    CL$$btod_e2e        c_w.l(btod.o)
    0x080019fe   0x080019fe   0x0000002a   Code   RO         2187    CL$$btod_ediv       c_w.l(btod.o)
    0x08001a28   0x08001a28   0x0000002a   Code   RO         2186    CL$$btod_emul       c_w.l(btod.o)
    0x08001a52   0x08001a52   0x00000244   Code   RO         2192    CL$$btod_mult_common  c_w.l(btod.o)
    0x08001c96   0x08001c96   0x00000002   Code   RO          455    i.BusFault_Handler  stm32f1xx_it.o
    0x08001c98   0x08001c98   0x00000044   Code   RO          184    i.DWT_Delay_Init    lcd16x2.o
    0x08001cdc   0x08001cdc   0x0000002c   Code   RO          185    i.DWT_Delay_us      lcd16x2.o
    0x08001d08   0x08001d08   0x00000002   Code   RO          456    i.DebugMon_Handler  stm32f1xx_it.o
    0x08001d0a   0x08001d0a   0x00000004   Code   RO          333    i.Error_Handler     main.o
    0x08001d0e   0x08001d0e   0x00000046   Code   RO         1421    i.HAL_DMA_Abort     stm32f1xx_hal_dma.o
    0x08001d54   0x08001d54   0x00000130   Code   RO         1422    i.HAL_DMA_Abort_IT  stm32f1xx_hal_dma.o
    0x08001e84   0x08001e84   0x00000024   Code   RO         1047    i.HAL_Delay         stm32f1xx_hal.o
    0x08001ea8   0x08001ea8   0x000001f8   Code   RO         1357    i.HAL_GPIO_Init     stm32f1xx_hal_gpio.o
    0x080020a0   0x080020a0   0x0000000a   Code   RO         1361    i.HAL_GPIO_WritePin  stm32f1xx_hal_gpio.o
    0x080020aa   0x080020aa   0x00000002   PAD
    0x080020ac   0x080020ac   0x0000000c   Code   RO         1051    i.HAL_GetTick       stm32f1xx_hal.o
    0x080020b8   0x080020b8   0x00000010   Code   RO         1057    i.HAL_IncTick       stm32f1xx_hal.o
    0x080020c8   0x080020c8   0x00000024   Code   RO         1058    i.HAL_Init          stm32f1xx_hal.o
    0x080020ec   0x080020ec   0x00000040   Code   RO         1059    i.HAL_InitTick      stm32f1xx_hal.o
    0x0800212c   0x0800212c   0x0000003c   Code   RO          543    i.HAL_MspInit       stm32f1xx_hal_msp.o
    0x08002168   0x08002168   0x0000001a   Code   RO         1517    i.HAL_NVIC_EnableIRQ  stm32f1xx_hal_cortex.o
    0x08002182   0x08002182   0x00000002   PAD
    0x08002184   0x08002184   0x00000040   Code   RO         1523    i.HAL_NVIC_SetPriority  stm32f1xx_hal_cortex.o
    0x080021c4   0x080021c4   0x00000024   Code   RO         1524    i.HAL_NVIC_SetPriorityGrouping  stm32f1xx_hal_cortex.o
    0x080021e8   0x080021e8   0x0000012c   Code   RO         1215    i.HAL_RCC_ClockConfig  stm32f1xx_hal_rcc.o
    0x08002314   0x08002314   0x0000000c   Code   RO         1220    i.HAL_RCC_GetHCLKFreq  stm32f1xx_hal_rcc.o
    0x08002320   0x08002320   0x00000020   Code   RO         1222    i.HAL_RCC_GetPCLK1Freq  stm32f1xx_hal_rcc.o
    0x08002340   0x08002340   0x00000020   Code   RO         1223    i.HAL_RCC_GetPCLK2Freq  stm32f1xx_hal_rcc.o
    0x08002360   0x08002360   0x0000004c   Code   RO         1224    i.HAL_RCC_GetSysClockFreq  stm32f1xx_hal_rcc.o
    0x080023ac   0x080023ac   0x00000320   Code   RO         1227    i.HAL_RCC_OscConfig  stm32f1xx_hal_rcc.o
    0x080026cc   0x080026cc   0x00000028   Code   RO         1528    i.HAL_SYSTICK_Config  stm32f1xx_hal_cortex.o
    0x080026f4   0x080026f4   0x00000002   Code   RO          689    i.HAL_UARTEx_RxEventCallback  stm32f1xx_hal_uart.o
    0x080026f6   0x080026f6   0x00000002   Code   RO          703    i.HAL_UART_ErrorCallback  stm32f1xx_hal_uart.o
    0x080026f8   0x080026f8   0x0000026c   Code   RO          706    i.HAL_UART_IRQHandler  stm32f1xx_hal_uart.o
    0x08002964   0x08002964   0x00000064   Code   RO          707    i.HAL_UART_Init     stm32f1xx_hal_uart.o
    0x080029c8   0x080029c8   0x000000d8   Code   RO          408    i.HAL_UART_MspInit  usart.o
    0x08002aa0   0x08002aa0   0x000000ac   Code   RO          710    i.HAL_UART_Receive  stm32f1xx_hal_uart.o
    0x08002b4c   0x08002b4c   0x00000002   Code   RO          713    i.HAL_UART_RxCpltCallback  stm32f1xx_hal_uart.o
    0x08002b4e   0x08002b4e   0x00000002   Code   RO          718    i.HAL_UART_TxCpltCallback  stm32f1xx_hal_uart.o
    0x08002b50   0x08002b50   0x00000002   Code   RO          457    i.HardFault_Handler  stm32f1xx_it.o
    0x08002b52   0x08002b52   0x00000002   PAD
    0x08002b54   0x08002b54   0x00000144   Code   RO          383    i.MX_GPIO_Init      gpio.o
    0x08002c98   0x08002c98   0x00000038   Code   RO          409    i.MX_USART1_UART_Init  usart.o
    0x08002cd0   0x08002cd0   0x00000038   Code   RO          410    i.MX_USART2_UART_Init  usart.o
    0x08002d08   0x08002d08   0x00000002   Code   RO          458    i.MemManage_Handler  stm32f1xx_it.o
    0x08002d0a   0x08002d0a   0x00000002   Code   RO          459    i.NMI_Handler       stm32f1xx_it.o
    0x08002d0c   0x08002d0c   0x00000002   Code   RO          460    i.PendSV_Handler    stm32f1xx_it.o
    0x08002d0e   0x08002d0e   0x00000002   Code   RO          461    i.SVC_Handler       stm32f1xx_it.o
    0x08002d10   0x08002d10   0x00000004   Code   RO          462    i.SysTick_Handler   stm32f1xx_it.o
    0x08002d14   0x08002d14   0x0000005e   Code   RO          334    i.SystemClock_Config  main.o
    0x08002d72   0x08002d72   0x00000002   Code   RO          568    i.SystemInit        system_stm32f1xx.o
    0x08002d74   0x08002d74   0x00000010   Code   RO          720    i.UART_DMAAbortOnError  stm32f1xx_hal_uart.o
    0x08002d84   0x08002d84   0x0000004e   Code   RO          730    i.UART_EndRxTransfer  stm32f1xx_hal_uart.o
    0x08002dd2   0x08002dd2   0x000000c2   Code   RO          732    i.UART_Receive_IT   stm32f1xx_hal_uart.o
    0x08002e94   0x08002e94   0x000000b8   Code   RO          733    i.UART_SetConfig    stm32f1xx_hal_uart.o
    0x08002f4c   0x08002f4c   0x00000078   Code   RO          736    i.UART_WaitOnFlagUntilTimeout  stm32f1xx_hal_uart.o
    0x08002fc4   0x08002fc4   0x0000000c   Code   RO          463    i.USART1_IRQHandler  stm32f1xx_it.o
    0x08002fd0   0x08002fd0   0x0000000c   Code   RO          464    i.USART2_IRQHandler  stm32f1xx_it.o
    0x08002fdc   0x08002fdc   0x00000002   Code   RO          465    i.UsageFault_Handler  stm32f1xx_it.o
    0x08002fde   0x08002fde   0x00000028   Code   RO         2219    i.__ARM_fpclassify  m_ws.l(fpclassify.o)
    0x08003006   0x08003006   0x00000020   Code   RO         1530    i.__NVIC_SetPriority  stm32f1xx_hal_cortex.o
    0x08003026   0x08003026   0x0000000e   Code   RO         2038    i._is_digit         c_w.l(__printf_wp.o)
    0x08003034   0x08003034   0x00000008   Code   RO          186    i.lcd16x2_1stLine   lcd16x2.o
    0x0800303c   0x0800303c   0x00000008   Code   RO          187    i.lcd16x2_2ndLine   lcd16x2.o
    0x08003044   0x08003044   0x00000012   Code   RO          188    i.lcd16x2_clear     lcd16x2.o
    0x08003056   0x08003056   0x00000002   PAD
    0x08003058   0x08003058   0x0000002c   Code   RO          191    i.lcd16x2_enablePulse  lcd16x2.o
    0x08003084   0x08003084   0x000000a0   Code   RO          193    i.lcd16x2_init_8bits  lcd16x2.o
    0x08003124   0x08003124   0x0000003e   Code   RO          195    i.lcd16x2_printf    lcd16x2.o
    0x08003162   0x08003162   0x00000002   PAD
    0x08003164   0x08003164   0x00000010   Code   RO          196    i.lcd16x2_rs        lcd16x2.o
    0x08003174   0x08003174   0x00000016   Code   RO          197    i.lcd16x2_setCursor  lcd16x2.o
    0x0800318a   0x0800318a   0x00000002   PAD
    0x0800318c   0x0800318c   0x000000d8   Code   RO          201    i.lcd16x2_write     lcd16x2.o
    0x08003264   0x08003264   0x00000014   Code   RO          203    i.lcd16x2_writeCommand  lcd16x2.o
    0x08003278   0x08003278   0x000002a8   Code   RO          335    i.main              main.o
    0x08003520   0x08003520   0x0000002c   Code   RO         2206    locale$$code        c_w.l(lc_numeric_c.o)
    0x0800354c   0x0800354c   0x0000002c   Code   RO         2227    locale$$code        c_w.l(lc_ctype_c.o)
    0x08003578   0x08003578   0x00000004   Code   RO         2131    x$fpl$printf1       fz_ws.l(printf1.o)
    0x0800357c   0x0800357c   0x00000004   Code   RO         2133    x$fpl$printf2       fz_ws.l(printf2.o)
    0x08003580   0x08003580   0x00000000   Code   RO         2218    x$fpl$usenofp       fz_ws.l(usenofp.o)
    0x08003580   0x08003580   0x00000078   Data   RO          337    .constdata          main.o
    0x080035f8   0x080035f8   0x00000010   Data   RO          569    .constdata          system_stm32f1xx.o
    0x08003608   0x08003608   0x00000008   Data   RO          570    .constdata          system_stm32f1xx.o
    0x08003610   0x08003610   0x00000012   Data   RO         1228    .constdata          stm32f1xx_hal_rcc.o
    0x08003622   0x08003622   0x00000011   Data   RO         2046    .constdata          c_w.l(__printf_flags_ss_wp.o)
    0x08003633   0x08003633   0x00000001   PAD
    0x08003634   0x08003634   0x00000008   Data   RO         2078    .constdata          c_w.l(_printf_wctomb.o)
    0x0800363c   0x0800363c   0x00000028   Data   RO         2107    .constdata          c_w.l(_printf_hex_int_ll_ptr.o)
    0x08003664   0x08003664   0x00000026   Data   RO         2159    .constdata          c_w.l(_printf_fp_hex.o)
    0x0800368a   0x0800368a   0x00000002   PAD
    0x0800368c   0x0800368c   0x00000094   Data   RO         2181    .constdata          c_w.l(bigflt0.o)
    0x08003720   0x08003720   0x00000020   Data   RO         2355    Region$$Table       anon$$obj.o
    0x08003740   0x08003740   0x0000001c   Data   RO         2205    locale$$data        c_w.l(lc_numeric_c.o)
    0x0800375c   0x0800375c   0x00000110   Data   RO         2226    locale$$data        c_w.l(lc_ctype_c.o)


    Execution Region RW_IRAM1 (Exec base: 0x20000000, Load base: 0x0800386c, Size: 0x00000748, Max: 0x0000c000, ABSOLUTE)

    Exec Addr    Load Addr    Size         Type   Attr      Idx    E Section Name        Object

    0x20000000   0x0800386c   0x00000028   Data   RW          204    .data               lcd16x2.o
    0x20000028   0x08003894   0x00000004   Data   RW          571    .data               system_stm32f1xx.o
    0x2000002c   0x08003898   0x0000000c   Data   RW         1065    .data               stm32f1xx_hal.o
    0x20000038        -       0x0000001a   Zero   RW          336    .bss                main.o
    0x20000052   0x080038a4   0x00000002   PAD
    0x20000054        -       0x00000090   Zero   RW          411    .bss                usart.o
    0x200000e4        -       0x00000060   Zero   RW         2222    .bss                c_w.l(libspace.o)
    0x20000144   0x080038a4   0x00000004   PAD
    0x20000148        -       0x00000200   Zero   RW            2    HEAP                startup_stm32f103xe.o
    0x20000348        -       0x00000400   Zero   RW            1    STACK               startup_stm32f103xe.o


==============================================================================

Image component sizes


      Code (inc. data)   RO Data    RW Data    ZI Data      Debug   Object Name

       324         24          0          0          0       1075   gpio.o
         0          0          0          0          0     453736   lcd.o
       686         36          0         40          0       8206   lcd16x2.o
       778         62        120          0         26       2858   main.o
        64         26        304          0       1536        824   startup_stm32f103xe.o
       164         28          0         12          0       6605   stm32f1xx_hal.o
       198         14          0          0          0      29023   stm32f1xx_hal_cortex.o
       374          8          0          0          0       1871   stm32f1xx_hal_dma.o
       514         42          0          0          0       2944   stm32f1xx_hal_gpio.o
        60          8          0          0          0        894   stm32f1xx_hal_msp.o
      1252         90         18          0          0       5644   stm32f1xx_hal_rcc.o
      1492         10          0          0          0      10175   stm32f1xx_hal_uart.o
        44         12          0          0          0       4870   stm32f1xx_it.o
         2          0         24          4          0       1155   system_stm32f1xx.o
       328         34          0          0        144       2423   usart.o

    ----------------------------------------------------------------------
      6292        394        498         56       1708     532303   Object Totals
         0          0         32          0          0          0   (incl. Generated)
        12          0          0          0          2          0   (incl. Padding)

    ----------------------------------------------------------------------

      Code (inc. data)   RO Data    RW Data    ZI Data      Debug   Library Member Name

        44          6          0          0          0         84   __2sprintf.o
         8          0          0          0          0         68   __main.o
       392          4         17          0          0         92   __printf_flags_ss_wp.o
        14          0          0          0          0         68   __printf_wp.o
         0          0          0          0          0          0   __rtentry.o
        12          0          0          0          0          0   __rtentry2.o
         6          0          0          0          0          0   __rtentry4.o
        52          8          0          0          0          0   __scatter.o
        26          0          0          0          0          0   __scatter_copy.o
        28          0          0          0          0          0   __scatter_zi.o
         6          0          0          0          0          0   _printf_a.o
         6          0          0          0          0          0   _printf_c.o
        44          0          0          0          0        108   _printf_char.o
        48          6          0          0          0         96   _printf_char_common.o
        40          0          0          0          0         68   _printf_charcount.o
         6          0          0          0          0          0   _printf_d.o
       120         16          0          0          0         92   _printf_dec.o
         6          0          0          0          0          0   _printf_e.o
         6          0          0          0          0          0   _printf_f.o
      1054          0          0          0          0        216   _printf_fp_dec.o
       764          8         38          0          0        100   _printf_fp_hex.o
       128         16          0          0          0         84   _printf_fp_infnan.o
         6          0          0          0          0          0   _printf_g.o
       148          4         40          0          0        160   _printf_hex_int_ll_ptr.o
         6          0          0          0          0          0   _printf_i.o
       178          0          0          0          0         88   _printf_intcommon.o
        10          0          0          0          0          0   _printf_l.o
         6          0          0          0          0          0   _printf_lc.o
        10          0          0          0          0          0   _printf_ll.o
         6          0          0          0          0          0   _printf_lld.o
         6          0          0          0          0          0   _printf_lli.o
         6          0          0          0          0          0   _printf_llo.o
         6          0          0          0          0          0   _printf_llu.o
         6          0          0          0          0          0   _printf_llx.o
       124         16          0          0          0         92   _printf_longlong_dec.o
         6          0          0          0          0          0   _printf_ls.o
         6          0          0          0          0          0   _printf_n.o
         6          0          0          0          0          0   _printf_o.o
       112         10          0          0          0        124   _printf_oct_int_ll.o
         6          0          0          0          0          0   _printf_p.o
        78          0          0          0          0        108   _printf_pad.o
         0          0          0          0          0          0   _printf_percent.o
         4          0          0          0          0          0   _printf_percent_end.o
         6          0          0          0          0          0   _printf_s.o
        82          0          0          0          0         80   _printf_str.o
        36          0          0          0          0         84   _printf_truncate.o
         6          0          0          0          0          0   _printf_u.o
        44          0          0          0          0        108   _printf_wchar.o
       188          6          8          0          0         92   _printf_wctomb.o
         6          0          0          0          0          0   _printf_x.o
        10          0          0          0          0         68   _sputc.o
        64          0          0          0          0         92   _wcrtomb.o
       228          4        148          0          0         96   bigflt0.o
      1936        128          0          0          0        672   btod.o
        18          0          0          0          0         80   exit.o
         6          0          0          0          0        152   heapauxi.o
         0          0          0          0          0          0   indicate_semi.o
        44         10        272          0          0         76   lc_ctype_c.o
        44         10         28          0          0         76   lc_numeric_c.o
         2          0          0          0          0          0   libinit.o
        30          0          0          0          0          0   libinit2.o
         2          0          0          0          0          0   libshutdown.o
         2          0          0          0          0          0   libshutdown2.o
         8          4          0          0         96         68   libspace.o
       138          0          0          0          0         80   lludiv10.o
        16          4          0          0          0         76   rt_ctype_table.o
         8          4          0          0          0         68   rt_locale_intlibspace.o
        68          0          0          0          0         68   rt_memclr.o
        78          0          0          0          0         80   rt_memclr_w.o
       100          0          0          0          0         80   rt_memcpy_w.o
         2          0          0          0          0          0   rtexit.o
        10          0          0          0          0          0   rtexit2.o
       128          0          0          0          0         68   strcmpv7m.o
        62          0          0          0          0         76   strlen.o
        12          4          0          0          0         68   sys_exit.o
        74          0          0          0          0         80   sys_stackheap_outer.o
         2          0          0          0          0         68   use_no_semi.o
        36          4          0          0          0         76   vsprintf.o
         4          0          0          0          0         68   printf1.o
         4          0          0          0          0         68   printf2.o
         0          0          0          0          0          0   usenofp.o
        40          0          0          0          0         68   fpclassify.o

    ----------------------------------------------------------------------
      7100        272        554          0        100       4484   Library Totals
        10          0          3          0          4          0   (incl. Padding)

    ----------------------------------------------------------------------

      Code (inc. data)   RO Data    RW Data    ZI Data      Debug   Library Name

      7042        272        551          0         96       4280   c_w.l
         8          0          0          0          0        136   fz_ws.l
        40          0          0          0          0         68   m_ws.l

    ----------------------------------------------------------------------
      7100        272        554          0        100       4484   Library Totals

    ----------------------------------------------------------------------

==============================================================================


      Code (inc. data)   RO Data    RW Data    ZI Data      Debug   

     13392        666       1052         56       1808     531219   Grand Totals
     13392        666       1052         56       1808     531219   ELF Image Totals
     13392        666       1052         56          0          0   ROM Totals

==============================================================================

    Total RO  Size (Code + RO Data)                14444 (  14.11kB)
    Total RW  Size (RW Data + ZI Data)              1864 (   1.82kB)
    Total ROM Size (Code + RO Data + RW Data)      14500 (  14.16kB)

==============================================================================

